Component: ARM Compiler 5.05 update 2 (build 169) Tool: armlink [4d0f33]

==============================================================================

Section Cross References

    main.o(i.main) refers to system.o(i.SysInit) for SysInit
    at32f4xx_adc.o(i.ADC_Reset) refers to at32f4xx_rcc.o(i.RCC_APB2PeriphResetCmd) for RCC_APB2PeriphResetCmd
    at32f4xx_can.o(i.CAN_GetINTStatus) refers to at32f4xx_can.o(i.CheckINTStatus) for CheckINTStatus
    at32f4xx_can.o(i.CAN_Reset) refers to at32f4xx_rcc.o(i.RCC_APB1PeriphResetCmd) for RCC_APB1PeriphResetCmd
    at32f4xx_flash.o(i.FLASH_BootOptConfig) refers to at32f4xx_flash.o(i.FLASH_WaitForProcess) for FLASH_WaitForProcess
    at32f4xx_flash.o(i.FLASH_EnableWriteProtect) refers to at32f4xx_flash.o(i.FLASH_WaitForProcess) for FLASH_WaitForProcess
    at32f4xx_flash.o(i.FLASH_EraseAllPages) refers to at32f4xx_flash.o(i.FLASH_WaitForBank1Process) for FLASH_WaitForBank1Process
    at32f4xx_flash.o(i.FLASH_EraseAllPages) refers to at32f4xx_flash.o(i.FLASH_WaitForBank2Process) for FLASH_WaitForBank2Process
    at32f4xx_flash.o(i.FLASH_EraseBank1AllPages) refers to at32f4xx_flash.o(i.FLASH_WaitForBank1Process) for FLASH_WaitForBank1Process
    at32f4xx_flash.o(i.FLASH_EraseBank2AllPages) refers to at32f4xx_flash.o(i.FLASH_WaitForBank2Process) for FLASH_WaitForBank2Process
    at32f4xx_flash.o(i.FLASH_EraseBank3AllPages) refers to at32f4xx_flash.o(i.FLASH_GetSlibState) for FLASH_GetSlibState
    at32f4xx_flash.o(i.FLASH_EraseBank3AllPages) refers to at32f4xx_flash.o(i.FLASH_WaitForBank3Process) for FLASH_WaitForBank3Process
    at32f4xx_flash.o(i.FLASH_ErasePage) refers to at32f4xx_flash.o(i.FLASH_WaitForBank3Process) for FLASH_WaitForBank3Process
    at32f4xx_flash.o(i.FLASH_ErasePage) refers to at32f4xx_flash.o(i.FLASH_WaitForBank1Process) for FLASH_WaitForBank1Process
    at32f4xx_flash.o(i.FLASH_ErasePage) refers to at32f4xx_flash.o(i.FLASH_WaitForBank2Process) for FLASH_WaitForBank2Process
    at32f4xx_flash.o(i.FLASH_EraseUserOptionBytes) refers to at32f4xx_flash.o(i.FLASH_GetReadProtectStatus) for FLASH_GetReadProtectStatus
    at32f4xx_flash.o(i.FLASH_EraseUserOptionBytes) refers to at32f4xx_flash.o(i.FLASH_WaitForProcess) for FLASH_WaitForProcess
    at32f4xx_flash.o(i.FLASH_ProgramByte) refers to at32f4xx_flash.o(i.FLASH_WaitForBank1Process) for FLASH_WaitForBank1Process
    at32f4xx_flash.o(i.FLASH_ProgramByte) refers to at32f4xx_flash.o(i.FLASH_WaitForBank2Process) for FLASH_WaitForBank2Process
    at32f4xx_flash.o(i.FLASH_ProgramHalfWord) refers to at32f4xx_flash.o(i.FLASH_WaitForBank3Process) for FLASH_WaitForBank3Process
    at32f4xx_flash.o(i.FLASH_ProgramHalfWord) refers to at32f4xx_flash.o(i.FLASH_WaitForBank1Process) for FLASH_WaitForBank1Process
    at32f4xx_flash.o(i.FLASH_ProgramHalfWord) refers to at32f4xx_flash.o(i.FLASH_WaitForBank2Process) for FLASH_WaitForBank2Process
    at32f4xx_flash.o(i.FLASH_ProgramUserOptionByteData) refers to at32f4xx_flash.o(i.FLASH_WaitForProcess) for FLASH_WaitForProcess
    at32f4xx_flash.o(i.FLASH_ProgramWord) refers to at32f4xx_flash.o(i.FLASH_WaitForBank3Process) for FLASH_WaitForBank3Process
    at32f4xx_flash.o(i.FLASH_ProgramWord) refers to at32f4xx_flash.o(i.FLASH_WaitForBank1Process) for FLASH_WaitForBank1Process
    at32f4xx_flash.o(i.FLASH_ProgramWord) refers to at32f4xx_flash.o(i.FLASH_WaitForProcess) for FLASH_WaitForProcess
    at32f4xx_flash.o(i.FLASH_ProgramWord) refers to at32f4xx_flash.o(i.FLASH_WaitForBank2Process) for FLASH_WaitForBank2Process
    at32f4xx_flash.o(i.FLASH_ReadProtectConfig) refers to at32f4xx_flash.o(i.FLASH_WaitForProcess) for FLASH_WaitForProcess
    at32f4xx_flash.o(i.FLASH_SlibDisable) refers to at32f4xx_flash.o(i.FLASH_WaitForProcess) for FLASH_WaitForProcess
    at32f4xx_flash.o(i.FLASH_SlibMainEnable) refers to at32f4xx_flash.o(i.FLASH_WaitForProcess) for FLASH_WaitForProcess
    at32f4xx_flash.o(i.FLASH_UserOptionByteConfig) refers to at32f4xx_flash.o(i.FLASH_WaitForProcess) for FLASH_WaitForProcess
    at32f4xx_flash.o(i.FLASH_WaitForBank1Process) refers to at32f4xx_flash.o(i.FLASH_GetBank1Status) for FLASH_GetBank1Status
    at32f4xx_flash.o(i.FLASH_WaitForBank2Process) refers to at32f4xx_flash.o(i.FLASH_GetBank2Status) for FLASH_GetBank2Status
    at32f4xx_flash.o(i.FLASH_WaitForBank3Process) refers to at32f4xx_flash.o(i.FLASH_GetBank3Status) for FLASH_GetBank3Status
    at32f4xx_flash.o(i.FLASH_WaitForProcess) refers to at32f4xx_flash.o(i.FLASH_GetBank1Status) for FLASH_GetBank1Status
    at32f4xx_gpio.o(i.GPIO_AFIOReset) refers to at32f4xx_rcc.o(i.RCC_APB2PeriphResetCmd) for RCC_APB2PeriphResetCmd
    at32f4xx_gpio.o(i.GPIO_Reset) refers to at32f4xx_rcc.o(i.RCC_APB2PeriphResetCmd) for RCC_APB2PeriphResetCmd
    at32f4xx_i2c.o(i.I2C_DeInit) refers to at32f4xx_rcc.o(i.RCC_APB1PeriphResetCmd) for RCC_APB1PeriphResetCmd
    at32f4xx_i2c.o(i.I2C_Init) refers to at32f4xx_rcc.o(i.RCC_GetClocksFreq) for RCC_GetClocksFreq
[...]
    rt_object_put_hook                       0x200002f8   Data           4  object.o(.data)
    rt_thread_ready_priority_group           0x200002fc   Data           4  scheduler.o(.data)
    rt_current_thread                        0x20000304   Data           4  scheduler.o(.data)
    rt_current_priority                      0x20000308   Data           1  scheduler.o(.data)
    rt_thread_defunct                        0x2000030c   Data           8  scheduler.o(.data)
    filesystem_operation_table               0x20000340   Data           8  dfs.o(.data)
    working_directory                        0x20000348   Data         256  dfs.o(.data)
    RECPos3                                  0x20000464   Data           1  usart.o(.data)
    RecCh                                    0x20000465   Data           1  usart.o(.data)
    serial3                                  0x2000046c   Data           4  task.o(.data)
    usart3_rx_sem                            0x20000470   Data           4  task.o(.data)
    espwifi_getweath                         0x20000474   Data           4  task.o(.data)
    HMIRePre_sem                             0x20000478   Data           4  task.o(.data)
    GetWea_sem                               0x2000047c   Data           4  task.o(.data)
    GetNTPSoftTimer                          0x20000480   Data           4  task.o(.data)
    TaskThreads                              0x20000484   Data         120  task.o(.data)
    calendar_t                               0x2000050c   Data           8  hmirtc.o(.data)
    wday                                     0x20000514   Data          28  hmirtc.o(.data)
    WIFI_connect_Sign                        0x20000532   Data           1  bspesp8266.o(.data)
    ArrayLenth                               0x20000533   Data           1  ntpexample.o(.data)
    g_city                                   0x20000534   Data          32  hmi.o(.data)
    utf8_len                                 0x20000554   Data           4  hmi.o(.data)
    g_time_hour                              0x20000558   Data           8  hmi.o(.data)
    g_time_min                               0x20000560   Data           8  hmi.o(.data)
    g_time_sec                               0x20000568   Data           8  hmi.o(.data)
    malloc_cortol                            0x20000570   Data          28  malloc.o(.data)
    __aeabi_stdin                            0x2000058c   Data           4  stdio_streams.o(.data)
    __aeabi_stdout                           0x20000590   Data           4  stdio_streams.o(.data)
    __aeabi_stderr                           0x20000594   Data           4  stdio_streams.o(.data)
    rt_thread_priority_table                 0x2000092c   Data         256  scheduler.o(.bss)
    filesystem_table                         0x20000cbc   Data          32  dfs.o(.bss)
    s_sUsartBuf3                             0x20000ea1   Data         256  usart.o(.bss)
    strEsp8266_Fram_Record                   0x20000fa2   Data        1026  bspesp8266.o(.bss)
    weather_data                             0x200013a4   Data        2048  weatherinfo.o(.bss)
    g_page                                   0x20001ba4   Data          32  hmi.o(.bss)
    g_update                                 0x20001bc4   Data          32  hmi.o(.bss)
    g_place                                  0x20001be4   Data          32  hmi.o(.bss)
    g_place_utf8                             0x20001c04   Data          32  hmi.o(.bss)
    g_wifi_ssid                              0x20001c24   Data          32  hmi.o(.bss)
    g_wifi_password                          0x20001c44   Data          32  hmi.o(.bss)
    mem1base                                 0x20001c80   Data       40960  malloc.o(.bss)
    mem1mapbase                              0x2000bc80   Data        2560  malloc.o(.bss)
    __stdin                                  0x2000c680   Data          84  stdio_streams.o(.bss)
    __stdout                                 0x2000c6d4   Data          84  stdio_streams.o(.bss)
    __stderr                                 0x2000c728   Data          84  stdio_streams.o(.bss)
    __libspace_start                         0x2000c77c   Data          96  libspace.o(.bss)
    __temporary_stack_top$libspace           0x2000c7dc   Data           0  libspace.o(.bss)
    Image$$RW_IRAM1$$ZI$$Limit               0x2000cde0   Number         0  anon$$obj.o ABSOLUTE
    mem2base                                 0x68000000   Data       983040  malloc.o(.ARM.__AT_0x68000000)
    mem2mapbase                              0x680f0000   Data       61440  malloc.o(.ARM.__AT_0x680F0000)



==============================================================================

Memory Map of the image

  Image Entry point : 0x0800017d

  Load Region LR_IROM1 (Base: 0x08000000, Size: 0x0002bdf0, Max: 0x00100000, ABSOLUTE, COMPRESSED[0x0002b968])

    Execution Region ER_IROM1 (Base: 0x08000000, Size: 0x0002b858, Max: 0x00100000, ABSOLUTE)

    Base Addr    Size         Type   Attr      Idx    E Section Name        Object

    0x08000000   0x0000017c   Data   RO         4923    RESET               startup_at32f403avgt7.o
    0x0800017c   0x00000008   Code   RO         9463  * !!!main             c_w.l(__main.o)
    0x08000184   0x00000034   Code   RO         9895    !!!scatter          c_w.l(__scatter.o)
    0x080001b8   0x0000005a   Code   RO         9893    !!dczerorl2         c_w.l(__dczerorl2.o)
    0x08000212   0x00000002   PAD
    0x08000214   0x0000001c   Code   RO         9897    !!handler_zi        c_w.l(__scatter_zi.o)
    0x08000230   0x00000000   Code   RO         9418    .ARM.Collect$$_printf_percent$$00000000  c_w.l(_printf_percent.o)
    0x08000230   0x00000006   Code   RO         9415    .ARM.Collect$$_printf_percent$$00000009  c_w.l(_printf_d.o)
    0x08000236   0x00000006   Code   RO         9414    .ARM.Collect$$_printf_percent$$0000000C  c_w.l(_printf_x.o)
    0x0800023c   0x00000006   Code   RO         9413    .ARM.Collect$$_printf_percent$$00000014  c_w.l(_printf_s.o)
    0x08000242   0x00000004   Code   RO         9545    .ARM.Collect$$_printf_percent$$00000017  c_w.l(_printf_percent_end.o)
    0x08000246   0x00000002   Code   RO         9816    .ARM.Collect$$libinit$$00000000  c_w.l(libinit.o)
    0x08000248   0x00000004   Code   RO         9709    .ARM.Collect$$libinit$$00000001  c_w.l(libinit2.o)
    0x0800024c   0x00000000   Code   RO         9712    .ARM.Collect$$libinit$$00000004  c_w.l(libinit2.o)
    0x0800024c   0x00000000   Code   RO         9715    .ARM.Collect$$libinit$$0000000A  c_w.l(libinit2.o)
    0x0800024c   0x00000000   Code   RO         9717    .ARM.Collect$$libinit$$0000000C  c_w.l(libinit2.o)
    0x0800024c   0x00000000   Code   RO         9719    .ARM.Collect$$libinit$$0000000E  c_w.l(libinit2.o)
    0x0800024c   0x00000006   Code   RO         9720    .ARM.Collect$$libinit$$0000000F  c_w.l(libinit2.o)
    0x08000252   0x00000000   Code   RO         9722    .ARM.Collect$$libinit$$00000011  c_w.l(libinit2.o)
    0x08000252   0x0000000c   Code   RO         9723    .ARM.Collect$$libinit$$00000012  c_w.l(libinit2.o)
    0x0800025e   0x00000000   Code   RO         9724    .ARM.Collect$$libinit$$00000013  c_w.l(libinit2.o)
    0x0800025e   0x00000000   Code   RO         9726    .ARM.Collect$$libinit$$00000015  c_w.l(libinit2.o)
    0x0800025e   0x00000000   Code   RO         9728    .ARM.Collect$$libinit$$00000017  c_w.l(libinit2.o)
    0x0800025e   0x00000000   Code   RO         9730    .ARM.Collect$$libinit$$00000019  c_w.l(libinit2.o)
    0x0800025e   0x00000000   Code   RO         9732    .ARM.Collect$$libinit$$0000001B  c_w.l(libinit2.o)
    0x0800025e   0x00000000   Code   RO         9734    .ARM.Collect$$libinit$$0000001D  c_w.l(libinit2.o)
    0x0800025e   0x00000000   Code   RO         9736    .ARM.Collect$$libinit$$0000001F  c_w.l(libinit2.o)
    0x0800025e   0x00000000   Code   RO         9738    .ARM.Collect$$libinit$$00000021  c_w.l(libinit2.o)
    0x0800025e   0x00000000   Code   RO         9740    .ARM.Collect$$libinit$$00000023  c_w.l(libinit2.o)
    0x0800025e   0x00000004   Code   RO         9741    .ARM.Collect$$libinit$$00000024  c_w.l(libinit2.o)
    0x08000262   0x00000000   Code   RO         9742    .ARM.Collect$$libinit$$00000025  c_w.l(libinit2.o)
    0x08000262   0x00000000   Code   RO         9746    .ARM.Collect$$libinit$$0000002C  c_w.l(libinit2.o)
    0x08000262   0x00000000   Code   RO         9748    .ARM.Collect$$libinit$$0000002E  c_w.l(libinit2.o)
    0x08000262   0x00000000   Code   RO         9750    .ARM.Collect$$libinit$$00000030  c_w.l(libinit2.o)
    0x08000262   0x00000000   Code   RO         9752    .ARM.Collect$$libinit$$00000032  c_w.l(libinit2.o)
    0x08000262   0x00000002   Code   RO         9753    .ARM.Collect$$libinit$$00000033  c_w.l(libinit2.o)
    0x08000264   0x00000002   Code   RO         9890    .ARM.Collect$$libshutdown$$00000000  c_w.l(libshutdown.o)
    0x08000266   0x00000004   Code   RO         9755    .ARM.Collect$$libshutdown$$00000002  c_w.l(libshutdown2.o)
    0x0800026a   0x00000000   Code   RO         9756    .ARM.Collect$$libshutdown$$00000003  c_w.l(libshutdown2.o)
    0x0800026a   0x00000000   Code   RO         9759    .ARM.Collect$$libshutdown$$00000006  c_w.l(libshutdown2.o)
    0x0800026a   0x00000000   Code   RO         9762    .ARM.Collect$$libshutdown$$00000009  c_w.l(libshutdown2.o)
    0x0800026a   0x00000000   Code   RO         9764    .ARM.Collect$$libshutdown$$0000000B  c_w.l(libshutdown2.o)
    0x0800026a   0x00000000   Code   RO         9767    .ARM.Collect$$libshutdown$$0000000E  c_w.l(libshutdown2.o)
    0x0800026a   0x00000002   Code   RO         9768    .ARM.Collect$$libshutdown$$0000000F  c_w.l(libshutdown2.o)
    0x0800026c   0x00000000   Code   RO         9519    .ARM.Collect$$rtentry$$00000000  c_w.l(__rtentry.o)
    0x0800026c   0x00000000   Code   RO         9616    .ARM.Collect$$rtentry$$00000002  c_w.l(__rtentry2.o)
    0x0800026c   0x00000006   Code   RO         9628    .ARM.Collect$$rtentry$$00000004  c_w.l(__rtentry4.o)
    0x08000272   0x00000000   Code   RO         9618    .ARM.Collect$$rtentry$$00000009  c_w.l(__rtentry2.o)
    0x08000272   0x00000004   Code   RO         9619    .ARM.Collect$$rtentry$$0000000A  c_w.l(__rtentry2.o)
    0x08000276   0x00000000   Code   RO         9621    .ARM.Collect$$rtentry$$0000000C  c_w.l(__rtentry2.o)
    0x08000276   0x00000008   Code   RO         9622    .ARM.Collect$$rtentry$$0000000D  c_w.l(__rtentry2.o)
    0x0800027e   0x00000002   Code   RO         9823    .ARM.Collect$$rtexit$$00000000  c_w.l(rtexit.o)
    0x08000280   0x00000000   Code   RO         9854    .ARM.Collect$$rtexit$$00000002  c_w.l(rtexit2.o)
    0x08000280   0x00000004   Code   RO         9855    .ARM.Collect$$rtexit$$00000003  c_w.l(rtexit2.o)
    0x08000284   0x00000006   Code   RO         9856    .ARM.Collect$$rtexit$$00000004  c_w.l(rtexit2.o)
    0x0800028a   0x00000002   PAD
    0x0800028c   0x00000010   Code   RO         3818    .emb_text           cpuport.o
    0x0800029c   0x00000134   Code   RO         3814    .text               context_rvds.o
    0x080003d0   0x00000040   Code   RO         4924    .text               startup_at32f403avgt7.o
    0x08000410   0x00000002   Code   RO         9344    .text               c_w.l(use_no_semi.o)
    0x08000412   0x00000004   Code   RO         9346    .text               c_w.l(hguard.o)
    0x08000416   0x00000048   Code   RO         9348    .text               c_w.l(llsdiv.o)
    0x0800045e   0x0000001a   Code   RO         9350    .text               c_w.l(tolower.o)
    0x08000478   0x00000018   Code   RO         9358    .text               c_w.l(noretval__2printf.o)
    0x08000490   0x00000028   Code   RO         9360    .text               c_w.l(noretval__2sprintf.o)
    0x080004b8   0x00000034   Code   RO         9362    .text               c_w.l(noretval__2snprintf.o)
    0x080004ec   0x0000004e   Code   RO         9366    .text               c_w.l(_printf_pad.o)
    0x0800053a   0x00000052   Code   RO         9368    .text               c_w.l(_printf_str.o)
    0x0800058c   0x00000078   Code   RO         9370    .text               c_w.l(_printf_dec.o)
    0x08000604   0x00000058   Code   RO         9375    .text               c_w.l(_printf_hex_int.o)
    0x0800065c   0x00000138   Code   RO         9405    .text               c_w.l(__printf_flags_wp.o)
    0x08000794   0x0000003c   Code   RO         9419    .text               c_w.l(__0sscanf.o)
    0x080007d0   0x000000e0   Code   RO         9421    .text               c_w.l(_scanf_str.o)
    0x080008b0   0x0000001a   Code   RO         9423    .text               c_w.l(atoi.o)
    0x080008ca   0x00000004   Code   RO         9425    .text               c_w.l(getc.o)
    0x080008ce   0x00000024   Code   RO         9435    .text               c_w.l(strstr.o)
    0x080008f2   0x00000058   Code   RO         9437    .text               c_w.l(memcmp.o)
    0x0800094a   0x00000048   Code   RO         9439    .text               c_w.l(strcpy.o)
    0x08000992   0x00000016   Code   RO         9441    .text               c_w.l(strrchr.o)
    0x080009a8   0x0000003e   Code   RO         9443    .text               c_w.l(strlen.o)
    0x080009e6   0x00000096   Code   RO         9445    .text               c_w.l(strncmp.o)
    0x08000a7c   0x00000018   Code   RO         9447    .text               c_w.l(strcat.o)
    0x08000a94   0x0000008a   Code   RO         9449    .text               c_w.l(rt_memcpy_v6.o)
    0x08000b1e   0x00000064   Code   RO         9451    .text               c_w.l(rt_memcpy_w.o)
    0x08000b82   0x00000044   Code   RO         9453    .text               c_w.l(rt_memclr.o)
    0x08000bc6   0x0000004e   Code   RO         9455    .text               c_w.l(rt_memclr_w.o)
    0x08000c14   0x00000056   Code   RO         9457    .text               c_w.l(strncpy.o)
    0x08000c6a   0x00000002   PAD
    0x08000c6c   0x00000080   Code   RO         9459    .text               c_w.l(strcmpv7m.o)
    0x08000cec   0x00000006   Code   RO         9461    .text               c_w.l(heapauxi.o)
    0x08000cf2   0x00000002   PAD
    0x08000cf4   0x00000010   Code   RO         9520    .text               c_w.l(rt_ctype_table.o)
    0x08000d04   0x00000008   Code   RO         9525    .text               c_w.l(rt_errno_addr_intlibspace.o)
    0x08000d0c   0x000000ee   Code   RO         9527    .text               c_w.l(lludivv7m.o)
    0x08000dfa   0x00000016   Code   RO         9529    .text               c_w.l(_rserrno.o)
    0x08000e10   0x000000b2   Code   RO         9531    .text               c_w.l(_printf_intcommon.o)
    0x08000ec2   0x00000002   PAD
    0x08000ec4   0x00000030   Code   RO         9535    .text               c_w.l(_printf_char_common.o)
    0x08000ef4   0x0000000a   Code   RO         9537    .text               c_w.l(_sputc.o)
    0x08000efe   0x00000010   Code   RO         9539    .text               c_w.l(_snputc.o)
    0x08000f0e   0x0000002c   Code   RO         9541    .text               c_w.l(_printf_char.o)
    0x08000f3a   0x00000002   PAD
    0x08000f3c   0x00000024   Code   RO         9543    .text               c_w.l(_printf_char_file.o)
    0x08000f60   0x0000002c   Code   RO         9546    .text               c_w.l(scanf_char.o)
    0x08000f8c   0x00000040   Code   RO         9548    .text               c_w.l(_sgetc.o)
    0x08000fcc   0x00000070   Code   RO         9550    .text               c_w.l(strtol.o)
    0x0800103c   0x00000138   Code   RO         9556    .text               c_w.l(initio.o)
    0x08001174   0x00000008   Code   RO         9610    .text               c_w.l(libspace.o)
    0x0800117c   0x00000008   Code   RO         9637    .text               c_w.l(rt_locale_intlibspace.o)
    0x08001184   0x00000012   Code   RO         9641    .text               c_w.l(isspace.o)
    0x08001196   0x00000002   PAD
    0x08001198   0x00000374   Code   RO         9647    .text               c_w.l(_scanf.o)
    0x0800150c   0x0000009e   Code   RO         9649    .text               c_w.l(_strtoul.o)
    0x080015aa   0x00000008   Code   RO         9676    .text               c_w.l(ferror.o)
    0x080015b2   0x0000023a   Code   RO         9678    .text               c_w.l(filbuf.o)
    0x080017ec   0x00000046   Code   RO         9684    .text               c_w.l(setvbuf.o)
    0x08001832   0x00000002   PAD
    0x08001834   0x000000ec   Code   RO         9687    .text               c_w.l(fopen.o)
    0x08001920   0x0000004c   Code   RO         9689    .text               c_w.l(fclose.o)
    0x0800196c   0x0000000e   Code   RO         9705    .text               c_w.l(defsig_rtred_outer.o)
    0x0800197a   0x0000004a   Code   RO         9777    .text               c_w.l(sys_stackheap_outer.o)
    0x080019c4   0x0000001c   Code   RO         9783    .text               c_w.l(_chval.o)
    0x080019e0   0x000001d6   Code   RO         9785    .text               c_w.l(flsbuf.o)
    0x08001bb6   0x00000002   PAD
    0x08001bb8   0x000000f8   Code   RO         9787    .text               c_w.l(fseek.o)
    0x08001cb0   0x000000f0   Code   RO         9789    .text               c_w.l(stdio.o)
    0x08001da0   0x00000038   Code   RO         9795    .text               c_w.l(flushlinebuffered.o)
    0x08001dd8   0x0000000c   Code   RO         9803    .text               c_w.l(exit.o)
    0x08001de4   0x0000000a   Code   RO         9805    .text               c_w.l(defsig_exit.o)
    0x08001dee   0x00000002   PAD
    0x08001df0   0x00000034   Code   RO         9807    .text               c_w.l(defsig_rtred_inner.o)
    0x08001e24   0x00000064   Code   RO         9827    .text               c_w.l(fflush.o)
    0x08001e88   0x00000042   Code   RO         9829    .text               c_w.l(ftell.o)
    0x08001eca   0x00000032   Code   RO         9839    .text               c_w.l(defsig_general.o)
    0x08001efc   0x0000000a   Code   RO         5666    i.$Sub$$main        components.o
    0x08001f06   0x00000002   PAD
    0x08001f08   0x00000054   Code   RO         9058    i.AccessNTP         ntpexample.o
    0x08001f5c   0x0000001c   Code   RO         3264    i.BKP_ReadBackupReg  at32f4xx_bkp.o
    0x08001f78   0x00000010   Code   RO         3265    i.BKP_Reset         at32f4xx_bkp.o
    0x08001f88   0x0000001c   Code   RO         3269    i.BKP_WriteBackupReg  at32f4xx_bkp.o
    0x08001fa4   0x00000010   Code   RO         9098    i.DISPLAYWIFITCON   hmi.o
    0x08001fb4   0x000000a4   Code   RO         9099    i.DisplayLoadIcon   hmi.o
    0x08002058   0x00000038   Code   RO         9100    i.DisplayNowWeatherTcon  hmi.o
    0x08002090   0x00000154   Code   RO         9101    i.DisplayRTCTime    hmi.o
    0x080021e4   0x000002a4   Code   RO         9102    i.DisplayWeatherIcon  hmi.o
    0x08002488   0x0000008c   Code   RO         9103    i.DisplayWifiIcon   hmi.o
    0x08002514   0x00000024   Code   RO         8810    i.ESP8266_Close_Link  bspesp8266.o
    0x08002538   0x000000ac   Code   RO         8811    i.ESP8266_Cmd       bspesp8266.o
    0x080025e4   0x00000024   Code   RO         8813    i.ESP8266_ExitUnvarnishSend  bspesp8266.o
    0x08002608   0x00000014   Code   RO         8814    i.ESP8266_GPIO_Config  bspesp8266.o
    0x0800261c   0x0000002c   Code   RO         8817    i.ESP8266_Init      bspesp8266.o
    0x08002648   0x00000040   Code   RO         8820    i.ESP8266_JoinAP    bspesp8266.o
    0x08002688   0x000000b8   Code   RO         8821    i.ESP8266_Link_Server  bspesp8266.o
    0x08002740   0x00000098   Code   RO         8827    i.ESP8266_USART_Config  bspesp8266.o
    0x080027d8   0x00000028   Code   RO         8828    i.ESP8266_USART_NVIC_Configuration  bspesp8266.o
    0x08002800   0x0000004c   Code   RO         8829    i.ESP8266_UnvarnishSend  bspesp8266.o
    0x0800284c   0x00000012   Code   RO         4931    i.EXTI0_IRQHandler  drv_gpio.o
    0x0800285e   0x00000078   Code   RO         4932    i.EXTI15_10_IRQHandler  drv_gpio.o
    0x080028d6   0x00000018   Code   RO         4933    i.EXTI1_IRQHandler  drv_gpio.o
    0x080028ee   0x00000012   Code   RO         4934    i.EXTI2_IRQHandler  drv_gpio.o
    0x08002900   0x00000012   Code   RO         4935    i.EXTI3_IRQHandler  drv_gpio.o
    0x08002912   0x00000012   Code   RO         4936    i.EXTI4_IRQHandler  drv_gpio.o
    0x08002924   0x0000005a   Code   RO         4937    i.EXTI9_5_IRQHandler  drv_gpio.o
    0x0800297e   0x00000002   PAD
    0x08002980   0x0000000c   Code   RO          892    i.EXTI_ClearIntPendingBit  at32f4xx_exti.o
    0x0800298c   0x00000028   Code   RO          895    i.EXTI_GetIntStatus  at32f4xx_exti.o
    0x080029b4   0x00000094   Code   RO          896    i.EXTI_Init         at32f4xx_exti.o
    0x08002a48   0x00000010   Code   RO          898    i.EXTI_StructInit   at32f4xx_exti.o
    0x08002a58   0x0000001c   Code   RO         9104    i.ForLenth          hmi.o
    0x08002a74   0x00000040   Code   RO         1241    i.GPIO_EXTILineConfig  at32f4xx_gpio.o
    0x08002ab4   0x00000050   Code   RO         4938    i.GPIO_EXTI_IRQHandler  drv_gpio.o
    0x08002b04   0x00000116   Code   RO         1244    i.GPIO_Init         at32f4xx_gpio.o
    0x08002c1a   0x00000012   Code   RO         1248    i.GPIO_ReadInputDataBit  at32f4xx_gpio.o
    0x08002c2c   0x00000010   Code   RO         1254    i.GPIO_StructInit   at32f4xx_gpio.o
    0x08002c3c   0x0000000a   Code   RO         1256    i.GPIO_WriteBit     at32f4xx_gpio.o
    0x08002c46   0x00000002   PAD
    0x08002c48   0x000000b4   Code   RO         8992    i.GetDailyWeather   weatherinfo.o
    0x08002cfc   0x000000b4   Code   RO         8993    i.GetLifeSuggestion  weatherinfo.o
    0x08002db0   0x0000000a   Code   RO         8585    i.GetNTPSoftTimer_CallBack  task.o
    0x08002dba   0x00000002   PAD
    0x08002dbc   0x000000ac   Code   RO         8994    i.GetNowWeather     weatherinfo.o
    0x08002e68   0x00000244   Code   RO         9059    i.GetNtp            ntpexample.o
    0x080030ac   0x00000054   Code   RO         8995    i.GetTest           weatherinfo.o
    0x08003100   0x00000074   Code   RO         8586    i.GetWeather_thread_entry  task.o
    0x08003174   0x00000028   Code   RO         8587    i.HMIRePre_thread_entry  task.o
    0x0800319c   0x000004e4   Code   RO         9105    i.HMI_RePrecess     hmi.o
    0x08003680   0x000000c0   Code   RO         8588    i.HMI_thread_entry  task.o
    0x08003740   0x00000010   Code   RO         1581    i.IWDG_Enable       at32f4xx_iwdg.o
    0x08003750   0x0000000c   Code   RO         1583    i.IWDG_KeyRegWrite  at32f4xx_iwdg.o
    0x0800375c   0x00000010   Code   RO         1584    i.IWDG_ReloadCounter  at32f4xx_iwdg.o
    0x0800376c   0x0000000c   Code   RO         1585    i.IWDG_SetPrescaler  at32f4xx_iwdg.o
    0x08003778   0x0000000c   Code   RO         1586    i.IWDG_SetReload    at32f4xx_iwdg.o
    0x08003784   0x0000003a   Code   RO         8730    i.IsLeapYear        hmirtc.o
    0x080037be   0x00000002   PAD
    0x080037c0   0x00000034   Code   RO         9060    i.JudgeIsExsiEle    ntpexample.o
    0x080037f4   0x00000070   Code   RO         3735    i.NVIC_Init         misc.o
    0x08003864   0x00000014   Code   RO         3736    i.NVIC_PriorityGroupConfig  misc.o
    0x08003878   0x00000028   Code   RO         8701    i.NVIC_SetPriority  systick.o
    0x080038a0   0x0000000c   Code   RO         1635    i.PWR_BackupAccessCtrl  at32f4xx_pwr.o
    0x080038ac   0x00000020   Code   RO         1718    i.RCC_APB1PeriphClockCmd  at32f4xx_rcc.o
    0x080038cc   0x00000020   Code   RO         1719    i.RCC_APB1PeriphResetCmd  at32f4xx_rcc.o
    0x080038ec   0x00000020   Code   RO         1721    i.RCC_APB2PeriphClockCmd  at32f4xx_rcc.o
    0x0800390c   0x00000020   Code   RO         1722    i.RCC_APB2PeriphResetCmd  at32f4xx_rcc.o
    0x0800392c   0x0000000c   Code   RO         1723    i.RCC_BackupResetCmd  at32f4xx_rcc.o
    0x08003938   0x00000148   Code   RO         1727    i.RCC_GetClocksFreq  at32f4xx_rcc.o
    0x08003a80   0x0000003c   Code   RO         1728    i.RCC_GetFlagStatus  at32f4xx_rcc.o
    0x08003abc   0x00000034   Code   RO         1738    i.RCC_LSEConfig     at32f4xx_rcc.o
    0x08003af0   0x0000000c   Code   RO         1743    i.RCC_RTCCLKCmd     at32f4xx_rcc.o
    0x08003afc   0x00000010   Code   RO         1744    i.RCC_RTCCLKConfig  at32f4xx_rcc.o
    0x08003b0c   0x00000024   Code   RO         1749    i.RCC_StepModeCmd   at32f4xx_rcc.o
    0x08003b30   0x00000010   Code   RO         3348    i.RTC_ClearFlag     at32f4xx_rtc.o
    0x08003b40   0x00000010   Code   RO         3349    i.RTC_ClearINTPendingBit  at32f4xx_rtc.o
    0x08003b50   0x00000014   Code   RO         3350    i.RTC_EnterConfigMode  at32f4xx_rtc.o
    0x08003b64   0x00000014   Code   RO         3351    i.RTC_ExitConfigMode  at32f4xx_rtc.o
    0x08003b78   0x00000100   Code   RO         8731    i.RTC_Get           hmirtc.o
    0x08003c78   0x00000014   Code   RO         3352    i.RTC_GetCounter    at32f4xx_rtc.o
    0x08003c8c   0x00000024   Code   RO         3355    i.RTC_GetINTStatus  at32f4xx_rtc.o
    0x08003cb0   0x00000078   Code   RO         8732    i.RTC_GetWeek       hmirtc.o
    0x08003d28   0x00000020   Code   RO         3356    i.RTC_INTConfig     at32f4xx_rtc.o
    0x08003d48   0x00000030   Code   RO         8733    i.RTC_IRQHandler    hmirtc.o
    0x08003d78   0x000000a0   Code   RO         8734    i.RTC_Init          hmirtc.o
    0x08003e18   0x00000020   Code   RO         8735    i.RTC_NVIC_Config   hmirtc.o
    0x08003e38   0x00000018   Code   RO         8736    i.RTC_SET           hmirtc.o
    0x08003e50   0x000000cc   Code   RO         8737    i.RTC_Set           hmirtc.o
    0x08003f1c   0x0000001c   Code   RO         3358    i.RTC_SetCounter    at32f4xx_rtc.o
    0x08003f38   0x00000020   Code   RO         3359    i.RTC_SetDIV        at32f4xx_rtc.o
    0x08003f58   0x00000014   Code   RO         3360    i.RTC_WaitForLastTask  at32f4xx_rtc.o
    0x08003f6c   0x00000024   Code   RO         3361    i.RTC_WaitForSynchro  at32f4xx_rtc.o
    0x08003f90   0x00000008   Code   RO         8647    i.ResetSystem       system.o
    0x08003f98   0x0000015c   Code   RO         9106    i.SearchWeaIconID   hmi.o
    0x080040f4   0x00000008   Code   RO         4878    i.SetSysClock       system_at32f4xx.o
    0x080040fc   0x000000ec   Code   RO         4879    i.SetSysClockTo240M  system_at32f4xx.o
    0x080041e8   0x000000b8   Code   RO         9279    i.SwitchToGbk       utf8togbk.o
    0x080042a0   0x00000050   Code   RO         9306    i.SwithToUtf_8      gbktoutf_8.o
    0x080042f0   0x00000018   Code   RO         8648    i.SysInit           system.o
    0x08004308   0x00000048   Code   RO         8702    i.SysTickInit       systick.o
    0x08004350   0x00000010   Code   RO         4805    i.SysTick_Handler   board.o
    0x08004360   0x00000084   Code   RO         4881    i.SystemInit        system_at32f4xx.o
    0x080043e4   0x000001f0   Code   RO         8589    i.TaskInit          task.o
    0x080045d4   0x00000864   Code   RO         9107    i.Task_SendHMI_WeaData  hmi.o
    0x08004e38   0x00000018   Code   RO         5048    i.USART1_IRQHandler  drv_usart.o
    0x08004e50   0x0000007c   Code   RO         8830    i.USART2_IRQHandler  bspesp8266.o
    0x08004ecc   0x00000018   Code   RO         5049    i.USART3_IRQHandler  drv_usart.o
    0x08004ee4   0x00000012   Code   RO         2694    i.USART_ClearFlag   at32f4xx_usart.o
    0x08004ef6   0x0000001e   Code   RO         2695    i.USART_ClearITPendingBit  at32f4xx_usart.o
    0x08004f14   0x00000018   Code   RO         2698    i.USART_Cmd         at32f4xx_usart.o
    0x08004f2c   0x0000001a   Code   RO         2700    i.USART_GetFlagStatus  at32f4xx_usart.o
    0x08004f46   0x00000054   Code   RO         2701    i.USART_GetITStatus  at32f4xx_usart.o
    0x08004f9a   0x0000004a   Code   RO         2703    i.USART_INTConfig   at32f4xx_usart.o
    0x08004fe4   0x000000d8   Code   RO         2704    i.USART_Init        at32f4xx_usart.o
    0x080050bc   0x0000000a   Code   RO         2711    i.USART_ReceiveData  at32f4xx_usart.o
    0x080050c6   0x00000002   PAD
    0x080050c8   0x0000009c   Code   RO         2713    i.USART_Reset       at32f4xx_usart.o
    0x08005164   0x00000008   Code   RO         2715    i.USART_SendData    at32f4xx_usart.o
    0x0800516c   0x00000018   Code   RO         2721    i.USART_StructInit  at32f4xx_usart.o
    0x08005184   0x00000106   Code   RO         8523    i.USART_printf      usart.o
    0x0800528a   0x000000d2   Code   RO         9307    i.Uni2utf8          gbktoutf_8.o
    0x0800535c   0x00000038   Code   RO         9108    i.Update_HMI        hmi.o
    0x08005394   0x0000001e   Code   RO         8524    i.UsartSendByte     usart.o
    0x080053b2   0x00000002   PAD
    0x080053b4   0x000000d0   Code   RO         8649    i.WDT_Init          system.o
    0x08005484   0x00000030   Code   RO         9593    i.__ARM_fpclassify  m_wm.l(fpclassify.o)
    0x080054b4   0x00000004   PAD
    0x080054b8   0x00000c38   Code   RO         9505    i.__hardfp_pow      m_wm.l(pow.o)
    0x080060f0   0x00000034   Code   RO         7996    i.__isleap          time.o
    0x08006124   0x000000f8   Code   RO         9595    i.__kernel_poly     m_wm.l(poly.o)
    0x0800621c   0x00000004   PAD
    0x08006220   0x00000030   Code   RO         9579    i.__mathlib_dbl_divzero  m_wm.l(dunder.o)
    0x08006250   0x00000014   Code   RO         9581    i.__mathlib_dbl_infnan2  m_wm.l(dunder.o)
    0x08006264   0x00000004   PAD
    0x08006268   0x00000020   Code   RO         9582    i.__mathlib_dbl_invalid  m_wm.l(dunder.o)
    0x08006288   0x00000020   Code   RO         9583    i.__mathlib_dbl_overflow  m_wm.l(dunder.o)
    0x080062a8   0x00000020   Code   RO         9585    i.__mathlib_dbl_underflow  m_wm.l(dunder.o)
    0x080062c8   0x00000006   Code   RO         4431    i.__wqueue_default_wake  waitqueue.o
    0x080062ce   0x00000002   PAD
    0x080062d0   0x00000028   Code   RO         6705    i._get_highest_priority_thread  scheduler.o
    0x080062f8   0x0000001a   Code   RO         7255    i._get_path_lastname  dfs_file.o
    0x08006312   0x00000002   PAD
    0x08006314   0x00000014   Code   RO         5838    i._has_defunct_thread  idle.o
    0x08006328   0x0000000e   Code   RO         9403    i._is_digit         c_w.l(__printf_wp.o)
    0x08006336   0x00000002   PAD
    0x08006338   0x00000098   Code   RO         5303    i._msh_exec_cmd     msh.o
    0x080063d0   0x00000048   Code   RO         3882    i._pin_control      pin.o
    0x08006418   0x00000054   Code   RO         3883    i._pin_read         pin.o
    0x0800646c   0x00000054   Code   RO         3884    i._pin_write        pin.o
    0x080064c0   0x000000c8   Code   RO         6706    i._rt_scheduler_stack_check  scheduler.o
    0x08006588   0x000000d0   Code   RO         6807    i._rt_thread_init   thread.o
    0x08006658   0x00000042   Code   RO         6956    i._rt_timer_init    timer.o
    0x0800669a   0x0000002e   Code   RO         6957    i._rt_timer_remove  timer.o
    0x080066c8   0x00000048   Code   RO         4583    i._serial_check_buffer_size  serial.o
    0x08006710   0x00000064   Code   RO         4584    i._serial_fifo_calc_recved_len  serial.o
    0x08006774   0x000000b8   Code   RO         4585    i._serial_int_rx    serial.o
    0x0800682c   0x00000070   Code   RO         4586    i._serial_int_tx    serial.o
    0x0800689c   0x0000005c   Code   RO         4587    i._serial_poll_rx   serial.o
    0x080068f8   0x00000054   Code   RO         4588    i._serial_poll_tx   serial.o
    0x0800694c   0x00000014   Code   RO         7838    i._sys_close        stubs.o
    0x08006960   0x00000004   Code   RO         7840    i._sys_exit         stubs.o
    0x08006964   0x0000001e   Code   RO         7841    i._sys_flen         stubs.o
    0x08006982   0x00000012   Code   RO         7842    i._sys_istty        stubs.o
    0x08006994   0x000000a0   Code   RO         7843    i._sys_open         stubs.o
    0x08006a34   0x00000046   Code   RO         7844    i._sys_read         stubs.o
    0x08006a7a   0x0000001c   Code   RO         7845    i._sys_seek         stubs.o
    0x08006a96   0x00000046   Code   RO         7847    i._sys_write        stubs.o
    0x08006adc   0x00000010   Code   RO         7848    i._ttywrch          stubs.o
    0x08006aec   0x00000138   Code   RO         5050    i.at32_configure    drv_usart.o
    0x08006c24   0x000000a4   Code   RO         5051    i.at32_control      drv_usart.o
    0x08006cc8   0x00000064   Code   RO         5052    i.at32_getc         drv_usart.o
    0x08006d2c   0x000000a0   Code   RO         4854    i.at32_msp_usart_init  at32_msp.o
    0x08006dcc   0x000000dc   Code   RO         4939    i.at32_pin_attach_irq  drv_gpio.o
    0x08006ea8   0x0000008c   Code   RO         4940    i.at32_pin_dettach_irq  drv_gpio.o
    0x08006f34   0x000001c8   Code   RO         4941    i.at32_pin_irq_enable  drv_gpio.o
    0x080070fc   0x00000072   Code   RO         4942    i.at32_pin_mode     drv_gpio.o
    0x0800716e   0x0000002a   Code   RO         4943    i.at32_pin_read     drv_gpio.o
    0x08007198   0x00000028   Code   RO         4944    i.at32_pin_write    drv_gpio.o
    0x080071c0   0x00000068   Code   RO         5053    i.at32_putc         drv_usart.o
    0x08007228   0x0000001e   Code   RO         4945    i.bit2bitno         drv_gpio.o
    0x08007246   0x00000002   PAD
    0x08007248   0x000000fc   Code   RO         3819    i.bus_fault_track   cpuport.o
    0x08007344   0x00000754   Code   RO         8996    i.cJSON_DailyWeatherParse  weatherinfo.o
    0x08007a98   0x00000058   Code   RO         8100    i.cJSON_Delete      cjson.o
    0x08007af0   0x00000012   Code   RO         8106    i.cJSON_GetArrayItem  cjson.o
    0x08007b02   0x00000012   Code   RO         8107    i.cJSON_GetArraySize  cjson.o
    0x08007b14   0x0000000c   Code   RO         8108    i.cJSON_GetErrorPtr  cjson.o
    0x08007b20   0x0000001e   Code   RO         8109    i.cJSON_GetObjectItem  cjson.o
    0x08007b3e   0x00000002   PAD
    0x08007b40   0x00000040   Code   RO         8110    i.cJSON_InitHooks   cjson.o
    0x08007b80   0x00000490   Code   RO         8997    i.cJSON_LifeSuggestionParse  weatherinfo.o
    0x08008010   0x00000020   Code   RO         8113    i.cJSON_New_Item    cjson.o
    0x08008030   0x00000354   Code   RO         8998    i.cJSON_NowWeatherParse  weatherinfo.o
    0x08008384   0x00000010   Code   RO         8114    i.cJSON_Parse       cjson.o
    0x08008394   0x00000064   Code   RO         8115    i.cJSON_ParseWithOpts  cjson.o
    0x080083f8   0x0000001c   Code   RO         8438    i.cJSON_hook_init   cjson_port.o
    0x08008414   0x0000004c   Code   RO         8121    i.cJSON_strcasecmp  cjson.o
    0x08008460   0x00000068   Code   RO         7256    i.cat               dfs_file.o
    0x080084c8   0x00000094   Code   RO         7454    i.chdir             dfs_posix.o
    0x0800855c   0x00000014   Code   RO         5175    i.clear             cmd.o
    0x08008570   0x00000044   Code   RO         7455    i.close             dfs_posix.o
    0x080085b4   0x0000004a   Code   RO         7456    i.closedir          dfs_posix.o
    0x080085fe   0x00000002   PAD
    0x08008600   0x00000060   Code   RO         5440    i.cmd_cat           msh_file.o
    0x08008660   0x0000004c   Code   RO         5441    i.cmd_cd            msh_file.o
    0x080086ac   0x00000054   Code   RO         5442    i.cmd_cp            msh_file.o
    0x08008700   0x00000054   Code   RO         5443    i.cmd_df            msh_file.o
    0x08008754   0x0000009c   Code   RO         5444    i.cmd_echo          msh_file.o
    0x080087f0   0x0000000e   Code   RO         5304    i.cmd_free          msh.o
    0x080087fe   0x00000002   PAD
    0x08008800   0x00000020   Code   RO         5445    i.cmd_ls            msh_file.o
    0x08008820   0x00000080   Code   RO         5446    i.cmd_mkdir         msh_file.o
    0x080088a0   0x00000094   Code   RO         5447    i.cmd_mkfs          msh_file.o
    0x08008934   0x00000138   Code   RO         5448    i.cmd_mv            msh_file.o
    0x08008a6c   0x0000000e   Code   RO         5305    i.cmd_ps            msh.o
    0x08008a7a   0x00000002   PAD
    0x08008a7c   0x0000001c   Code   RO         5449    i.cmd_pwd           msh_file.o
    0x08008a98   0x00000064   Code   RO         5450    i.cmd_rm            msh_file.o
    0x08008afc   0x0000016c   Code   RO         7257    i.copy              dfs_file.o
    0x08008c68   0x00000138   Code   RO         7258    i.copydir           dfs_file.o
    0x08008da0   0x0000010c   Code   RO         7259    i.copyfile          dfs_file.o
    0x08008eac   0x00000010   Code   RO         7687    i.devfs_init        devfs.o
    0x08008ebc   0x00000124   Code   RO         7381    i.df                dfs_fs.o
    0x08008fe0   0x00000098   Code   RO         7688    i.dfs_device_fs_close  devfs.o
    0x08009078   0x00000098   Code   RO         7689    i.dfs_device_fs_getdents  devfs.o
    0x08009110   0x00000064   Code   RO         7690    i.dfs_device_fs_ioctl  devfs.o
    0x08009174   0x00000006   Code   RO         7691    i.dfs_device_fs_mount  devfs.o
    0x0800917a   0x00000002   PAD
    0x0800917c   0x00000114   Code   RO         7692    i.dfs_device_fs_open  devfs.o
    0x08009290   0x00000006   Code   RO         7693    i.dfs_device_fs_poll  devfs.o
    0x08009296   0x00000002   PAD
    0x08009298   0x00000068   Code   RO         7694    i.dfs_device_fs_read  devfs.o
    0x08009300   0x00000094   Code   RO         7695    i.dfs_device_fs_stat  devfs.o
    0x08009394   0x00000068   Code   RO         7696    i.dfs_device_fs_write  devfs.o
    0x080093fc   0x00000008   Code   RO         7089    i.dfs_fdtable_get   dfs.o
    0x08009404   0x00000034   Code   RO         7260    i.dfs_file_close    dfs_file.o
    0x08009438   0x00000030   Code   RO         7263    i.dfs_file_getdents  dfs_file.o
    0x08009468   0x00000030   Code   RO         7265    i.dfs_file_lseek    dfs_file.o
    0x08009498   0x000000dc   Code   RO         7266    i.dfs_file_open     dfs_file.o
    0x08009574   0x0000003e   Code   RO         7267    i.dfs_file_read     dfs_file.o
    0x080095b2   0x000000aa   Code   RO         7268    i.dfs_file_rename   dfs_file.o
    0x0800965c   0x00000160   Code   RO         7269    i.dfs_file_stat     dfs_file.o
    0x080097bc   0x0000009c   Code   RO         7270    i.dfs_file_unlink   dfs_file.o
    0x08009858   0x0000002a   Code   RO         7271    i.dfs_file_write    dfs_file.o
    0x08009882   0x00000002   PAD
    0x08009884   0x00000084   Code   RO         7384    i.dfs_filesystem_lookup  dfs_fs.o
    0x08009908   0x000000a4   Code   RO         7090    i.dfs_init          dfs.o
    0x080099ac   0x00000034   Code   RO         7091    i.dfs_lock          dfs.o
    0x080099e0   0x0000015c   Code   RO         7385    i.dfs_mkfs          dfs_fs.o
    0x08009b3c   0x0000020c   Code   RO         7386    i.dfs_mount         dfs_fs.o
    0x08009d48   0x00000178   Code   RO         7092    i.dfs_normalize_path  dfs.o
    0x08009ec0   0x000000d0   Code   RO         7387    i.dfs_register      dfs_fs.o
    0x08009f90   0x00000028   Code   RO         7388    i.dfs_statfs        dfs_fs.o
    0x08009fb8   0x00000038   Code   RO         7093    i.dfs_subdir        dfs.o
    0x08009ff0   0x00000010   Code   RO         7094    i.dfs_unlock        dfs.o
    0x0800a000   0x00000018   Code   RO         9495    i.fabs              m_wm.l(fabs.o)
    0x0800a018   0x0000009e   Code   RO         7095    i.fd_alloc          dfs.o
    0x0800a0b6   0x00000054   Code   RO         7096    i.fd_get            dfs.o
    0x0800a10a   0x000000a6   Code   RO         7097    i.fd_is_open        dfs.o
    0x0800a1b0   0x000000a8   Code   RO         7098    i.fd_new            dfs.o
    0x0800a258   0x00000064   Code   RO         7099    i.fd_put            dfs.o
    0x0800a2bc   0x00000018   Code   RO         9553    i.fgetc             c_w.l(fgetc.o)
    0x0800a2d4   0x00000090   Code   RO         5529    i.finsh_get_prompt  shell.o
    0x0800a364   0x00000010   Code   RO         5531    i.finsh_getchar     shell.o
    0x0800a374   0x00000048   Code   RO         5534    i.finsh_set_prompt_mode  shell.o
    0x0800a3bc   0x00000014   Code   RO         5535    i.finsh_system_function_init  shell.o
    0x0800a3d0   0x0000009c   Code   RO         5536    i.finsh_system_init  shell.o
    0x0800a46c   0x000004ec   Code   RO         5538    i.finsh_thread_entry  shell.o
    0x0800a958   0x0000001a   Code   RO         9681    i.fputc             c_w.l(fputc.o)
    0x0800a972   0x0000000c   Code   RO         7777    i.free              mem_std.o
    0x0800a97e   0x00000052   Code   RO         7458    i.fstat             dfs_posix.o
    0x0800a9d0   0x00000024   Code   RO         4946    i.get_pin           drv_gpio.o
    0x0800a9f4   0x00000020   Code   RO         7461    i.getcwd            dfs_posix.o
    0x0800aa14   0x000000cc   Code   RO         8003    i.gmtime_r          time.o
    0x0800aae0   0x00000080   Code   RO         3820    i.hard_fault_track  cpuport.o
    0x0800ab60   0x00000020   Code   RO         5176    i.hello             cmd.o
    0x0800ab80   0x00000014   Code   RO         8650    i.idle_hook         system.o
    0x0800ab94   0x00000062   Code   RO         8525    i.itoa              usart.o
    0x0800abf6   0x00000002   PAD
    0x0800abf8   0x0000000c   Code   RO         7806    i.libc_stdio_get_console  stdio.o
    0x0800ac04   0x00000044   Code   RO         7807    i.libc_stdio_read   stdio.o
    0x0800ac48   0x00000054   Code   RO         7808    i.libc_stdio_set_console  stdio.o
    0x0800ac9c   0x00000044   Code   RO         7809    i.libc_stdio_write  stdio.o
    0x0800ace0   0x00000016   Code   RO         7758    i.libc_system_init  libc.o
    0x0800acf6   0x00000002   PAD
    0x0800acf8   0x00000068   Code   RO         5177    i.list              cmd.o
    0x0800ad60   0x0000011c   Code   RO         5178    i.list_device       cmd.o
    0x0800ae7c   0x00000144   Code   RO         5179    i.list_event        cmd.o
    0x0800afc0   0x00000148   Code   RO         7100    i.list_fd           dfs.o
    0x0800b108   0x0000002a   Code   RO         5180    i.list_find_init    cmd.o
    0x0800b132   0x00000088   Code   RO         5181    i.list_get_next     cmd.o
    0x0800b1ba   0x00000002   PAD
    0x0800b1bc   0x0000015c   Code   RO         5182    i.list_mailbox      cmd.o
    0x0800b318   0x00000078   Code   RO         6406    i.list_mem          mem.o
    0x0800b390   0x00000120   Code   RO         5183    i.list_memheap      cmd.o
    0x0800b4b0   0x00000174   Code   RO         5184    i.list_mempool      cmd.o
    0x0800b624   0x00000144   Code   RO         5185    i.list_msgqueue     cmd.o
    0x0800b768   0x00000110   Code   RO         5186    i.list_mutex        cmd.o
    0x0800b878   0x00000138   Code   RO         5187    i.list_sem          cmd.o
    0x0800b9b0   0x000001e4   Code   RO         5188    i.list_thread       cmd.o
    0x0800bb94   0x00000160   Code   RO         5189    i.list_timer        cmd.o
    0x0800bcf4   0x00000014   Code   RO         8004    i.localtime         time.o
    0x0800bd08   0x00000010   Code   RO         8005    i.localtime_r       time.o
    0x0800bd18   0x00000130   Code   RO         7272    i.ls                dfs_file.o
    0x0800be48   0x00000096   Code   RO         7463    i.lseek             dfs_posix.o
    0x0800bede   0x0000000a   Code   RO            4    i.main              main.o
    0x0800bee8   0x0000000e   Code   RO         5667    i.main_thread_entry  components.o
    0x0800bef6   0x0000000c   Code   RO         7778    i.malloc            mem_std.o
    0x0800bf02   0x00000002   PAD
    0x0800bf04   0x000000e8   Code   RO         3821    i.mem_manage_fault_track  cpuport.o
    0x0800bfec   0x0000006c   Code   RO         7464    i.mkdir             dfs_posix.o
    0x0800c058   0x00000010   Code   RO         7390    i.mkfs              dfs_fs.o
    0x0800c068   0x000000c8   Code   RO         5306    i.msh_auto_complete  msh.o
    0x0800c130   0x00000198   Code   RO         5307    i.msh_auto_complete_path  msh.o
    0x0800c2c8   0x00000078   Code   RO         5308    i.msh_exec          msh.o
    0x0800c340   0x00000138   Code   RO         5451    i.msh_exec_script   msh_file.o
    0x0800c478   0x0000005c   Code   RO         5309    i.msh_get_cmd       msh.o
    0x0800c4d4   0x00000080   Code   RO         5310    i.msh_help          msh.o
    0x0800c554   0x00000004   Code   RO         5311    i.msh_is_used       msh.o
    0x0800c558   0x0000007a   Code   RO         5452    i.msh_readline      msh_file.o
    0x0800c5d2   0x00000002   PAD
    0x0800c5d4   0x000000f0   Code   RO         5312    i.msh_split         msh.o
    0x0800c6c4   0x00000020   Code   RO         9185    i.my_free           malloc.o
    0x0800c6e4   0x00000024   Code   RO         9186    i.my_malloc         malloc.o
    0x0800c708   0x0000006c   Code   RO         9188    i.my_mem_free       malloc.o
    0x0800c774   0x00000044   Code   RO         9189    i.my_mem_init       malloc.o
    0x0800c7b8   0x000000a8   Code   RO         9190    i.my_mem_malloc     malloc.o
    0x0800c860   0x00000040   Code   RO         9191    i.my_mem_perused    malloc.o
    0x0800c8a0   0x00000014   Code   RO         9192    i.my_mem_set        malloc.o
    0x0800c8b4   0x00000024   Code   RO         9193    i.myfree            malloc.o
    0x0800c8d8   0x00000028   Code   RO         9194    i.mymalloc          malloc.o
    0x0800c900   0x0000001c   Code   RO         5190    i.object_split      cmd.o
    0x0800c91c   0x0000005c   Code   RO         7465    i.open              dfs_posix.o
    0x0800c978   0x00000080   Code   RO         7466    i.opendir           dfs_posix.o
    0x0800c9f8   0x000000ac   Code   RO         8125    i.parse_array       cjson.o
    0x0800caa4   0x00000114   Code   RO         8126    i.parse_hex4        cjson.o
    0x0800cbb8   0x000001c8   Code   RO         8127    i.parse_number      cjson.o
    0x0800cd80   0x00000114   Code   RO         8128    i.parse_object      cjson.o
    0x0800ce94   0x000001cc   Code   RO         8129    i.parse_string      cjson.o
    0x0800d060   0x000000bc   Code   RO         8130    i.parse_value       cjson.o
    0x0800d11c   0x0000010c   Code   RO         6407    i.plug_holes        mem.o
    0x0800d228   0x00000198   Code   RO         6209    i.print_number      kservice.o
    0x0800d3c0   0x00000050   Code   RO         7467    i.read              dfs_posix.o
    0x0800d410   0x00000084   Code   RO         7468    i.readdir           dfs_posix.o
    0x0800d494   0x00000024   Code   RO         7469    i.rename            dfs_posix.o
    0x0800d4b8   0x00000038   Code   RO         7470    i.rewinddir         dfs_posix.o
    0x0800d4f0   0x0000002c   Code   RO         7273    i.rm                dfs_file.o
    0x0800d51c   0x00000050   Code   RO         5668    i.rt_application_init  components.o
    0x0800d56c   0x00000074   Code   RO         6210    i.rt_assert_handler  kservice.o
    0x0800d5e0   0x00000022   Code   RO         6408    i.rt_calloc         mem.o
    0x0800d602   0x00000002   PAD
    0x0800d604   0x00000068   Code   RO         3958    i.rt_completion_done  completion.o
    0x0800d66c   0x00000048   Code   RO         3959    i.rt_completion_init  completion.o
    0x0800d6b4   0x00000140   Code   RO         3960    i.rt_completion_wait  completion.o
    0x0800d7f4   0x0000001c   Code   RO         5669    i.rt_components_board_init  components.o
    0x0800d810   0x0000001c   Code   RO         5670    i.rt_components_init  components.o
    0x0800d82c   0x0000000c   Code   RO         6212    i.rt_console_get_device  kservice.o
    0x0800d838   0x00000034   Code   RO         6213    i.rt_console_set_device  kservice.o
    0x0800d86c   0x000000b4   Code   RO         5741    i.rt_device_close   device.o
    0x0800d920   0x00000094   Code   RO         5742    i.rt_device_control  device.o
    0x0800d9b4   0x0000007c   Code   RO         5745    i.rt_device_find    device.o
    0x0800da30   0x0000008c   Code   RO         5746    i.rt_device_init    device.o
    0x0800dabc   0x0000014c   Code   RO         5748    i.rt_device_open    device.o
    0x0800dc08   0x00000048   Code   RO         3885    i.rt_device_pin_register  pin.o
    0x0800dc50   0x000000b4   Code   RO         5749    i.rt_device_read    device.o
    0x0800dd04   0x00000074   Code   RO         5750    i.rt_device_register  device.o
    0x0800dd78   0x00000080   Code   RO         5751    i.rt_device_set_rx_indicate  device.o
    0x0800ddf8   0x000000b4   Code   RO         5754    i.rt_device_write   device.o
    0x0800deac   0x00000020   Code   RO         6708    i.rt_enter_critical  scheduler.o
    0x0800decc   0x00000044   Code   RO         6709    i.rt_exit_critical  scheduler.o
    0x0800df10   0x00000208   Code   RO         6409    i.rt_free           mem.o
    0x0800e118   0x00000034   Code   RO         4807    i.rt_hw_board_init  board.o
    0x0800e14c   0x00000002   Code   RO         6216    i.rt_hw_console_output  kservice.o
    0x0800e14e   0x00000002   PAD
    0x0800e150   0x0000022c   Code   RO         3825    i.rt_hw_hard_fault_exception  cpuport.o
    0x0800e37c   0x00000048   Code   RO         4947    i.rt_hw_pin_init    drv_gpio.o
    0x0800e3c4   0x000000f8   Code   RO         4589    i.rt_hw_serial_isr  serial.o
    0x0800e4bc   0x00000088   Code   RO         4590    i.rt_hw_serial_register  serial.o
    0x0800e544   0x00000050   Code   RO         3826    i.rt_hw_stack_init  cpuport.o
    0x0800e594   0x0000009c   Code   RO         5054    i.rt_hw_usart_init  drv_usart.o
    0x0800e630   0x00000070   Code   RO         4767    i.rt_hw_watchdog_register  watchdog.o
    0x0800e6a0   0x000000a8   Code   RO         5136    i.rt_hw_wdt_init    drv_wdt.o
    0x0800e748   0x00000038   Code   RO         6169    i.rt_interrupt_enter  irq.o
    0x0800e780   0x0000001c   Code   RO         6171    i.rt_interrupt_get_nest  irq.o
    0x0800e79c   0x00000038   Code   RO         6172    i.rt_interrupt_leave  irq.o
    0x0800e7d4   0x00000018   Code   RO         5898    i.rt_ipc_list_resume  ipc.o
    0x0800e7ec   0x0000006c   Code   RO         5900    i.rt_ipc_list_suspend  ipc.o
    0x0800e858   0x00000010   Code   RO         5901    i.rt_ipc_object_init  ipc.o
    0x0800e868   0x00000068   Code   RO         6217    i.rt_kprintf        kservice.o
    0x0800e8d0   0x00000006   Code   RO         5902    i.rt_list_init      ipc.o
    0x0800e8d6   0x00000006   Code   RO         6710    i.rt_list_init      scheduler.o
    0x0800e8dc   0x00000006   Code   RO         6958    i.rt_list_init      timer.o
    0x0800e8e2   0x0000000e   Code   RO         6586    i.rt_list_insert_after  object.o
    0x0800e8f0   0x0000000e   Code   RO         6808    i.rt_list_insert_after  thread.o
    0x0800e8fe   0x0000000e   Code   RO         6959    i.rt_list_insert_after  timer.o
    0x0800e90c   0x0000000e   Code   RO         5903    i.rt_list_insert_before  ipc.o
    0x0800e91a   0x00000010   Code   RO         3961    i.rt_list_isempty   completion.o
    0x0800e92a   0x00000010   Code   RO         5191    i.rt_list_isempty   cmd.o
    0x0800e93a   0x00000010   Code   RO         5904    i.rt_list_isempty   ipc.o
    0x0800e94a   0x00000010   Code   RO         6960    i.rt_list_isempty   timer.o
    0x0800e95a   0x00000014   Code   RO         5192    i.rt_list_len       cmd.o
    0x0800e96e   0x00000012   Code   RO         6587    i.rt_list_remove    object.o
    0x0800e980   0x00000012   Code   RO         6809    i.rt_list_remove    thread.o
    0x0800e992   0x00000002   PAD
    0x0800e994   0x000002bc   Code   RO         6411    i.rt_malloc         mem.o
    0x0800ec50   0x0000007c   Code   RO         6221    i.rt_memcpy         kservice.o
    0x0800eccc   0x00000042   Code   RO         6222    i.rt_memmove        kservice.o
    0x0800ed0e   0x00000048   Code   RO         6223    i.rt_memset         kservice.o
    0x0800ed56   0x00000002   PAD
    0x0800ed58   0x00000058   Code   RO         5926    i.rt_mutex_init     ipc.o
    0x0800edb0   0x000001c0   Code   RO         5927    i.rt_mutex_release  ipc.o
    0x0800ef70   0x000001fc   Code   RO         5928    i.rt_mutex_take     ipc.o
    0x0800f16c   0x000000ec   Code   RO         6588    i.rt_object_allocate  object.o
    0x0800f258   0x000000a0   Code   RO         6590    i.rt_object_delete  object.o
    0x0800f2f8   0x0000005c   Code   RO         6591    i.rt_object_detach  object.o
    0x0800f354   0x00000028   Code   RO         6594    i.rt_object_get_information  object.o
    0x0800f37c   0x00000034   Code   RO         6597    i.rt_object_get_type  object.o
    0x0800f3b0   0x000000bc   Code   RO         6598    i.rt_object_init    object.o
    0x0800f46c   0x0000003c   Code   RO         6599    i.rt_object_is_systemobject  object.o
    0x0800f4a8   0x00000048   Code   RO         3889    i.rt_pin_mode       pin.o
    0x0800f4f0   0x00000044   Code   RO         3890    i.rt_pin_read       pin.o
    0x0800f534   0x00000048   Code   RO         3891    i.rt_pin_write      pin.o
    0x0800f57c   0x00000194   Code   RO         6414    i.rt_realloc        mem.o
    0x0800f710   0x00000144   Code   RO         6711    i.rt_schedule       scheduler.o
    0x0800f854   0x0000009c   Code   RO         6712    i.rt_schedule_insert_thread  scheduler.o
    0x0800f8f0   0x00000080   Code   RO         6713    i.rt_schedule_remove_thread  scheduler.o
    0x0800f970   0x000000ac   Code   RO         5930    i.rt_sem_create     ipc.o
    0x0800fa1c   0x0000006c   Code   RO         5933    i.rt_sem_init       ipc.o
    0x0800fa88   0x00000090   Code   RO         5934    i.rt_sem_release    ipc.o
    0x0800fb18   0x000001a4   Code   RO         5935    i.rt_sem_take       ipc.o
    0x0800fcbc   0x000000d4   Code   RO         4591    i.rt_serial_close   serial.o
    0x0800fd90   0x000000d8   Code   RO         4592    i.rt_serial_control  serial.o
    0x0800fe68   0x00000048   Code   RO         4593    i.rt_serial_init    serial.o
    0x0800feb0   0x00000198   Code   RO         4594    i.rt_serial_open    serial.o
    0x08010048   0x00000058   Code   RO         4595    i.rt_serial_read    serial.o
    0x080100a0   0x00000058   Code   RO         4596    i.rt_serial_write   serial.o
    0x080100f8   0x00000028   Code   RO         6224    i.rt_set_errno      kservice.o
    0x08010120   0x000000b0   Code   RO         6225    i.rt_show_version   kservice.o
    0x080101d0   0x00000026   Code   RO         6226    i.rt_snprintf       kservice.o
    0x080101f6   0x00000002   PAD
    0x080101f8   0x000000b4   Code   RO         6961    i.rt_soft_timer_check  timer.o
    0x080102ac   0x00000022   Code   RO         6227    i.rt_sprintf        kservice.o
    0x080102ce   0x00000028   Code   RO         6230    i.rt_strdup         kservice.o
    0x080102f6   0x00000012   Code   RO         6231    i.rt_strlen         kservice.o
    0x08010308   0x00000028   Code   RO         6232    i.rt_strncmp        kservice.o
    0x08010330   0x00000034   Code   RO         6233    i.rt_strncpy        kservice.o
    0x08010364   0x00000154   Code   RO         6415    i.rt_system_heap_init  mem.o
    0x080104b8   0x00000040   Code   RO         6715    i.rt_system_scheduler_init  scheduler.o
    0x080104f8   0x00000028   Code   RO         6716    i.rt_system_scheduler_start  scheduler.o
    0x08010520   0x0000001c   Code   RO         6962    i.rt_system_timer_init  timer.o
    0x0801053c   0x00000054   Code   RO         6963    i.rt_system_timer_thread_init  timer.o
    0x08010590   0x000000b8   Code   RO         6810    i.rt_thread_control  thread.o
    0x08010648   0x00000050   Code   RO         6811    i.rt_thread_create  thread.o
    0x08010698   0x0000000c   Code   RO         6812    i.rt_thread_delay   thread.o
    0x080106a4   0x000000e0   Code   RO         6814    i.rt_thread_delete  thread.o
    0x08010784   0x00000054   Code   RO         6816    i.rt_thread_exit    thread.o
    0x080107d8   0x00000028   Code   RO         5840    i.rt_thread_idle_entry  idle.o
    0x08010800   0x000000e8   Code   RO         5841    i.rt_thread_idle_excute  idle.o
    0x080108e8   0x00000068   Code   RO         5843    i.rt_thread_idle_init  idle.o
    0x08010950   0x00000040   Code   RO         5844    i.rt_thread_idle_sethook  idle.o
    0x08010990   0x0000007c   Code   RO         6818    i.rt_thread_init    thread.o
    0x08010a0c   0x00000014   Code   RO         6820    i.rt_thread_mdelay  thread.o
    0x08010a20   0x0000009c   Code   RO         6821    i.rt_thread_resume  thread.o
    0x08010abc   0x0000000c   Code   RO         6823    i.rt_thread_self    thread.o
    0x08010ac8   0x00000080   Code   RO         6824    i.rt_thread_sleep   thread.o
    0x08010b48   0x000000c4   Code   RO         6825    i.rt_thread_startup  thread.o
    0x08010c0c   0x000000dc   Code   RO         6826    i.rt_thread_suspend  thread.o
    0x08010ce8   0x000000b4   Code   RO         6828    i.rt_thread_timeout  thread.o
    0x08010d9c   0x00000044   Code   RO         6964    i.rt_thread_timer_entry  timer.o
    0x08010de0   0x0000000a   Code   RO         6829    i.rt_thread_yield   thread.o
    0x08010dea   0x00000038   Code   RO         5629    i.rt_tick_from_millisecond  clock.o
    0x08010e22   0x00000002   PAD
    0x08010e24   0x0000000c   Code   RO         5630    i.rt_tick_get       clock.o
    0x08010e30   0x0000003c   Code   RO         5631    i.rt_tick_increase  clock.o
    0x08010e6c   0x000000b4   Code   RO         6965    i.rt_timer_check    timer.o
    0x08010f20   0x000000c8   Code   RO         6966    i.rt_timer_control  timer.o
    0x08010fe8   0x00000036   Code   RO         6967    i.rt_timer_create   timer.o
    0x0801101e   0x00000002   PAD
    0x08011020   0x000000d4   Code   RO         6969    i.rt_timer_detach   timer.o
    0x080110f4   0x00000054   Code   RO         6972    i.rt_timer_init     timer.o
    0x08011148   0x0000002c   Code   RO         6973    i.rt_timer_list_next_timeout  timer.o
    0x08011174   0x000001f4   Code   RO         6975    i.rt_timer_start    timer.o
    0x08011368   0x000000c0   Code   RO         6976    i.rt_timer_stop     timer.o
    0x08011428   0x00000330   Code   RO         6236    i.rt_vsnprintf      kservice.o
    0x08011758   0x00000016   Code   RO         6237    i.rt_vsprintf       kservice.o
    0x0801176e   0x00000002   PAD
    0x08011770   0x00000068   Code   RO         4768    i.rt_watchdog_close  watchdog.o
    0x080117d8   0x0000003c   Code   RO         4769    i.rt_watchdog_control  watchdog.o
    0x08011814   0x0000003c   Code   RO         4770    i.rt_watchdog_init  watchdog.o
    0x08011850   0x00000006   Code   RO         4771    i.rt_watchdog_open  watchdog.o
    0x08011856   0x00000026   Code   RO         4432    i.rt_wqueue_add     waitqueue.o
    0x0801187c   0x00000026   Code   RO         4433    i.rt_wqueue_remove  waitqueue.o
    0x080118a2   0x00000002   PAD
    0x080118a4   0x000000f8   Code   RO         4434    i.rt_wqueue_wait    waitqueue.o
    0x0801199c   0x00000066   Code   RO         4435    i.rt_wqueue_wakeup  waitqueue.o
    0x08011a02   0x00000004   Code   RO         5671    i.rti_board_end     components.o
    0x08011a06   0x00000004   Code   RO         5672    i.rti_board_start   components.o
    0x08011a0a   0x00000004   Code   RO         5673    i.rti_end           components.o
    0x08011a0e   0x00000004   Code   RO         5674    i.rti_start         components.o
    0x08011a12   0x0000002a   Code   RO         5675    i.rtthread_startup  components.o
    0x08011a3c   0x000000ac   Code   RO         8526    i.serial3_init      usart.o
    0x08011ae8   0x00000078   Code   RO         8590    i.serial3_thread_entry  task.o
    0x08011b60   0x00000018   Code   RO         4597    i.serial_fops_close  serial.o
    0x08011b78   0x00000030   Code   RO         4598    i.serial_fops_ioctl  serial.o
    0x08011ba8   0x000000dc   Code   RO         4599    i.serial_fops_open  serial.o
    0x08011c84   0x000000a4   Code   RO         4600    i.serial_fops_poll  serial.o
    0x08011d28   0x0000004e   Code   RO         4601    i.serial_fops_read  serial.o
    0x08011d76   0x00000014   Code   RO         4602    i.serial_fops_rx_ind  serial.o
    0x08011d8a   0x0000001e   Code   RO         4603    i.serial_fops_write  serial.o
    0x08011da8   0x00000038   Code   RO         5539    i.shell_auto_complete  shell.o
    0x08011de0   0x00000030   Code   RO         5540    i.shell_handle_history  shell.o
    0x08011e10   0x000000d8   Code   RO         5541    i.shell_push_history  shell.o
    0x08011ee8   0x00000030   Code   RO         5193    i.show_wait_queue   cmd.o
    0x08011f18   0x00000012   Code   RO         8138    i.skip              cjson.o
    0x08011f2a   0x00000026   Code   RO         6238    i.skip_atoi         kservice.o
    0x08011f50   0x0000006e   Code   RO         9600    i.sqrt              m_wm.l(sqrt.o)
    0x08011fbe   0x00000020   Code   RO         5313    i.str_common        msh.o
    0x08011fde   0x00000020   Code   RO         7476    i.unlink            dfs_posix.o
    0x08011ffe   0x00000002   PAD
    0x08012000   0x000000e8   Code   RO         3827    i.usage_fault_track  cpuport.o
    0x080120e8   0x00000018   Code   RO         8527    i.usart3_input      usart.o
    0x08012100   0x00000070   Code   RO         8528    i.usart3_sample     usart.o
    0x08012170   0x000000c4   Code   RO         5055    i.usart_isr         drv_usart.o
    0x08012234   0x0000000a   Code   RO         5194    i.version           cmd.o
    0x0801223e   0x00000002   PAD
    0x08012240   0x00000174   Code   RO         5137    i.wdt_control       drv_wdt.o
    0x080123b4   0x00000006   Code   RO         5138    i.wdt_init          drv_wdt.o
    0x080123ba   0x00000050   Code   RO         7477    i.write             dfs_posix.o
    0x0801240a   0x00000002   PAD
    0x0801240c   0x00000034   Code   RO         9308    i.zz_gbk2uni        gbktoutf_8.o
    0x08012440   0x0000002c   Code   RO         9700    locale$$code        c_w.l(lc_ctype_c.o)
    0x0801246c   0x00000018   Code   RO         9562    x$fpl$basic         fz_wm.l(basic.o)
    0x08012484   0x00000150   Code   RO         9465    x$fpl$dadd          fz_wm.l(daddsub_clz.o)
    0x080125d4   0x00000010   Code   RO         9771    x$fpl$dcheck1       fz_wm.l(dcheck1.o)
    0x080125e4   0x00000018   Code   RO         9564    x$fpl$dcmpinf       fz_wm.l(dcmpi.o)
    0x080125fc   0x000002b0   Code   RO         9567    x$fpl$ddiv          fz_wm.l(ddiv.o)
    0x080128ac   0x0000005e   Code   RO         9473    x$fpl$dfix          fz_wm.l(dfix.o)
    0x0801290a   0x0000002e   Code   RO         9478    x$fpl$dflt          fz_wm.l(dflt_clz.o)
    0x08012938   0x00000078   Code   RO         9483    x$fpl$dleqf         fz_wm.l(dleqf.o)
    0x080129b0   0x00000154   Code   RO         9485    x$fpl$dmul          fz_wm.l(dmul.o)
    0x08012b04   0x0000009c   Code   RO         9570    x$fpl$dnaninf       fz_wm.l(dnaninf.o)
    0x08012ba0   0x0000000c   Code   RO         9572    x$fpl$dretinf       fz_wm.l(dretinf.o)
    0x08012bac   0x0000006c   Code   RO         9487    x$fpl$drleqf        fz_wm.l(drleqf.o)
    0x08012c18   0x00000016   Code   RO         9466    x$fpl$drsb          fz_wm.l(daddsub_clz.o)
    0x08012c2e   0x00000002   PAD
    0x08012c30   0x00000198   Code   RO         9773    x$fpl$dsqrt         fz_wm.l(dsqrt_umaal.o)
    0x08012dc8   0x000001d4   Code   RO         9467    x$fpl$dsub          fz_wm.l(daddsub_clz.o)
    0x08012f9c   0x0000000a   Code   RO         9819    x$fpl$fpinit        fz_wm.l(fpinit.o)
    0x08012fa6   0x00000064   Code   RO         9821    x$fpl$retnan        fz_wm.l(retnan.o)
    0x0801300a   0x0000005c   Code   RO         9576    x$fpl$scalbn        fz_wm.l(scalbn.o)
    0x08013066   0x00000030   Code   RO         9851    x$fpl$trapveneer    fz_wm.l(trapv.o)
    0x08013096   0x00000000   Code   RO         9578    x$fpl$usenofp       fz_wm.l(usenofp.o)
    0x08013096   0x0000007d   Data   RO         3893    .constdata          pin.o
    0x08013113   0x00000039   Data   RO         3962    .constdata          completion.o
    0x0801314c   0x0000000f   Data   RO         4436    .constdata          waitqueue.o
    0x0801315b   0x00000001   PAD
    0x0801315c   0x00000127   Data   RO         4604    .constdata          serial.o
    0x08013283   0x0000004f   Data   RO         4772    .constdata          watchdog.o
    0x080132d2   0x00000002   PAD
    0x080132d4   0x000006b8   Data   RO         4948    .constdata          drv_gpio.o
    0x0801398c   0x00000068   Data   RO         5056    .constdata          drv_usart.o
    0x080139f4   0x00000058   Data   RO         5195    .constdata          cmd.o
    0x08013a4c   0x0000000e   Data   RO         5314    .constdata          msh.o
    0x08013a5a   0x0000004a   Data   RO         5543    .constdata          shell.o
    0x08013aa4   0x00000014   Data   RO         5676    .constdata          components.o
    0x08013ab8   0x000000d8   Data   RO         5755    .constdata          device.o
    0x08013b90   0x00000016   Data   RO         5846    .constdata          idle.o
    0x08013ba6   0x000001fc   Data   RO         5937    .constdata          ipc.o
    0x08013da2   0x00000022   Data   RO         6240    .constdata          kservice.o
    0x08013dc4   0x0000003c   Data   RO         6417    .constdata          mem.o
    0x08013e00   0x00000080   Data   RO         6604    .constdata          object.o
    0x08013e80   0x0000004e   Data   RO         6718    .constdata          scheduler.o
    0x08013ece   0x000000cf   Data   RO         6830    .constdata          thread.o
    0x08013f9d   0x0000005c   Data   RO         6978    .constdata          timer.o
    0x08013ff9   0x00000023   Data   RO         7102    .constdata          dfs.o
    0x0801401c   0x00000040   Data   RO         7391    .constdata          dfs_fs.o
    0x0801405c   0x000000c5   Data   RO         7697    .constdata          devfs.o
    0x08014121   0x0000001b   Data   RO         7851    .constdata          stubs.o
    0x0801413c   0x00000075   Data   RO         8010    .constdata          time.o
    0x080141b1   0x00000007   Data   RO         8141    .constdata          cjson.o
    0x080141b8   0x00000018   Data   RO         8738    .constdata          hmirtc.o
    0x080141d0   0x00000018   Data   RO         9199    .constdata          malloc.o
    0x080141e8   0x0000a34c   Data   RO         9280    .constdata          utf8togbk.o
    0x0801e534   0x0000bc20   Data   RO         9309    .constdata          gbktoutf_8.o
    0x0802a154   0x00000028   Data   RO         9376    .constdata          c_w.l(_printf_hex_int.o)
    0x0802a17c   0x00000011   Data   RO         9406    .constdata          c_w.l(__printf_flags_wp.o)
    0x0802a18d   0x00000003   PAD
    0x0802a190   0x00000088   Data   RO         9508    .constdata          m_wm.l(pow.o)
    0x0802a218   0x00000008   Data   RO         9597    .constdata          m_wm.l(qnan.o)
    0x0802a220   0x00000063   Data   RO         4605    .conststring        serial.o
    0x0802a283   0x00000001   PAD
    0x0802a284   0x0000000e   Data   RO         5057    .conststring        drv_usart.o
    0x0802a292   0x00000002   PAD
    0x0802a294   0x0000017d   Data   RO         5196    .conststring        cmd.o
    0x0802a411   0x00000003   PAD
    0x0802a414   0x0000008b   Data   RO         5938    .conststring        ipc.o
    0x0802a49f   0x00000001   PAD
    0x0802a4a0   0x000000eb   Data   RO         6418    .conststring        mem.o
    0x0802a58b   0x00000001   PAD
    0x0802a58c   0x00000042   Data   RO         6831    .conststring        thread.o
    0x0802a5ce   0x00000002   PAD
    0x0802a5d0   0x0000000b   Data   RO         7392    .conststring        dfs_fs.o
    0x0802a5db   0x00000001   PAD
    0x0802a5dc   0x00000006   Data   RO         7698    .conststring        devfs.o
    0x0802a5e2   0x00000002   PAD
    0x0802a5e4   0x00000031   Data   RO         8591    .conststring        task.o
    0x0802a615   0x00000003   PAD
    0x0802a618   0x00000037   Data   RO         8739    .conststring        hmirtc.o
    0x0802a64f   0x00000001   PAD
    0x0802a650   0x00000465   Data   RO         9000    .conststring        weatherinfo.o
    0x0802aab5   0x00000069   Data   RO         3894    .rodata.name        pin.o
    0x0802ab1e   0x000003cb   Data   RO         5197    .rodata.name        cmd.o
    0x0802aee9   0x00000076   Data   RO         5315    .rodata.name        msh.o
    0x0802af5f   0x00000190   Data   RO         5453    .rodata.name        msh_file.o
    0x0802b0ef   0x00000027   Data   RO         6420    .rodata.name        mem.o
    0x0802b116   0x00000023   Data   RO         7104    .rodata.name        dfs.o
    0x0802b139   0x0000005f   Data   RO         7275    .rodata.name        dfs_file.o
    0x0802b198   0x00000029   Data   RO         7393    .rodata.name        dfs_fs.o
    0x0802b1c1   0x0000003d   Data   RO         7478    .rodata.name        dfs_posix.o
    0x0802b1fe   0x00000028   Data   RO         8531    .rodata.name        usart.o
    0x0802b226   0x0000001f   Data   RO         8652    .rodata.name        system.o
    0x0802b245   0x00000051   Data   RO         8741    .rodata.name        hmirtc.o
    0x0802b296   0x0000008c   Data   RO         9001    .rodata.name        weatherinfo.o
    0x0802b322   0x0000001d   Data   RO         9062    .rodata.name        ntpexample.o
    0x0802b33f   0x000000a5   Data   RO         9111    .rodata.name        hmi.o
    0x0802b3e4   0x00000004   Data   RO         5677    .rti_fn.0           components.o
    0x0802b3e8   0x00000004   Data   RO         5678    .rti_fn.0.end       components.o
    0x0802b3ec   0x00000004   Data   RO         4950    .rti_fn.1           drv_gpio.o
    0x0802b3f0   0x00000004   Data   RO         5059    .rti_fn.1           drv_usart.o
    0x0802b3f4   0x00000004   Data   RO         5141    .rti_fn.1           drv_wdt.o
    0x0802b3f8   0x00000004   Data   RO         5679    .rti_fn.1.end       components.o
    0x0802b3fc   0x00000004   Data   RO         7105    .rti_fn.2           dfs.o
    0x0802b400   0x00000004   Data   RO         7759    .rti_fn.4           libc.o
    0x0802b404   0x00000004   Data   RO         8439    .rti_fn.4           cjson_port.o
    0x0802b408   0x00000004   Data   RO         5545    .rti_fn.6           shell.o
    0x0802b40c   0x00000004   Data   RO         5680    .rti_fn.6.end       components.o
    0x0802b410   0x00000024   Data   RO         3895    FSymTab             pin.o
    0x0802b434   0x00000138   Data   RO         5198    FSymTab             cmd.o
    0x0802b56c   0x00000024   Data   RO         5316    FSymTab             msh.o
    0x0802b590   0x00000084   Data   RO         5454    FSymTab             msh_file.o
    0x0802b614   0x0000000c   Data   RO         6421    FSymTab             mem.o
    0x0802b620   0x0000000c   Data   RO         7106    FSymTab             dfs.o
    0x0802b62c   0x00000030   Data   RO         7276    FSymTab             dfs_file.o
    0x0802b65c   0x00000018   Data   RO         7394    FSymTab             dfs_fs.o
    0x0802b674   0x00000018   Data   RO         7479    FSymTab             dfs_posix.o
    0x0802b68c   0x0000000c   Data   RO         8532    FSymTab             usart.o
    0x0802b698   0x0000000c   Data   RO         8653    FSymTab             system.o
    0x0802b6a4   0x00000024   Data   RO         8742    FSymTab             hmirtc.o
    0x0802b6c8   0x00000024   Data   RO         9002    FSymTab             weatherinfo.o
    0x0802b6ec   0x0000000c   Data   RO         9063    FSymTab             ntpexample.o
    0x0802b6f8   0x00000030   Data   RO         9112    FSymTab             hmi.o
    0x0802b728   0x00000020   Data   RO         9891    Region$$Table       anon$$obj.o
    0x0802b748   0x00000110   Data   RO         9699    locale$$data        c_w.l(lc_ctype_c.o)


    Execution Region RW_IRAM1 (Base: 0x20000000, Size: 0x0000cde0, Max: 0x00018000, ABSOLUTE, COMPRESSED[0x00000110])

    Base Addr    Size         Type   Attr      Idx    E Section Name        Object

    0x20000000   0x00000010   Data   RW         1753    .data               at32f4xx_rcc.o
    0x20000010   0x00000010   Data   RW         3829    .data               cpuport.o
    0x20000020   0x00000004   Data   RW         4606    .data               serial.o
    0x20000024   0x00000014   Data   RW         4882    .data               system_at32f4xx.o
    0x20000038   0x000000c4   Data   RW         4949    .data               drv_gpio.o
    0x200000fc   0x000000f0   Data   RW         5058    .data               drv_usart.o
    0x200001ec   0x00000008   Data   RW         5140    .data               drv_wdt.o
    0x200001f4   0x00000018   Data   RW         5544    .data               shell.o
    0x2000020c   0x00000004   Data   RW         5633    .data               clock.o
    0x20000210   0x00000009   Data   RW         6174    .data               irq.o
    0x20000219   0x00000003   PAD
    0x2000021c   0x0000000c   Data   RW         6241    .data               kservice.o
    0x20000228   0x00000020   Data   RW         6419    .data               mem.o
    0x20000248   0x000000b4   Data   RW         6605    .data               object.o
    0x200002fc   0x0000001c   Data   RW         6719    .data               scheduler.o
    0x20000318   0x0000000c   Data   RW         6832    .data               thread.o
    0x20000324   0x0000001c   Data   RW         6979    .data               timer.o
    0x20000340   0x00000114   Data   RW         7103    .data               dfs.o
    0x20000454   0x00000004   Data   RW         7810    .data               stdio.o
    0x20000458   0x0000000c   Data   RW         8142    .data               cjson.o
    0x20000464   0x00000002   Data   RW         8530    .data               usart.o
    0x20000466   0x00000002   PAD
    0x20000468   0x000000a0   Data   RW         8592    .data               task.o
    0x20000508   0x00000004   Data   RW         8651    .data               system.o
    0x2000050c   0x00000026   Data   RW         8740    .data               hmirtc.o
    0x20000532   0x00000001   Data   RW         8832    .data               bspesp8266.o
    0x20000533   0x00000001   Data   RW         9061    .data               ntpexample.o
    0x20000534   0x0000003c   Data   RW         9110    .data               hmi.o
    0x20000570   0x0000001c   Data   RW         9200    .data               malloc.o
    0x2000058c   0x00000004   Data   RW         9430    .data               c_w.l(stdio_streams.o)
    0x20000590   0x00000004   Data   RW         9431    .data               c_w.l(stdio_streams.o)
    0x20000594   0x00000004   Data   RW         9432    .data               c_w.l(stdio_streams.o)
    0x20000598   0x0000005c   Zero   RW         3892    .bss                pin.o
    0x200005f4   0x0000006c   Zero   RW         5139    .bss                drv_wdt.o
    0x20000660   0x00000081   Zero   RW         5542    .bss                shell.o
    0x200006e1   0x00000003   PAD
    0x200006e4   0x000001a0   Zero   RW         5845    .bss                idle.o
    0x20000884   0x00000080   Zero   RW         6239    .bss                kservice.o
    0x20000904   0x00000028   Zero   RW         6416    .bss                mem.o
    0x2000092c   0x00000100   Zero   RW         6717    .bss                scheduler.o
    0x20000a2c   0x00000290   Zero   RW         6977    .bss                timer.o
    0x20000cbc   0x0000004c   Zero   RW         7101    .bss                dfs.o
    0x20000d08   0x00000128   Zero   RW         7274    .bss                dfs_file.o
    0x20000e30   0x00000071   Zero   RW         8009    .bss                time.o
    0x20000ea1   0x00000100   Zero   RW         8529    .bss                usart.o
    0x20000fa1   0x00000001   PAD
    0x20000fa2   0x00000402   Zero   RW         8831    .bss                bspesp8266.o
    0x200013a4   0x00000800   Zero   RW         8999    .bss                weatherinfo.o
    0x20001ba4   0x000000c0   Zero   RW         9109    .bss                hmi.o
    0x20001c64   0x0000001c   PAD
    0x20001c80   0x0000aa00   Zero   RW         9198    .bss                malloc.o
    0x2000c680   0x00000054   Zero   RW         9427    .bss                c_w.l(stdio_streams.o)
    0x2000c6d4   0x00000054   Zero   RW         9428    .bss                c_w.l(stdio_streams.o)
    0x2000c728   0x00000054   Zero   RW         9429    .bss                c_w.l(stdio_streams.o)
    0x2000c77c   0x00000060   Zero   RW         9611    .bss                c_w.l(libspace.o)
    0x2000c7dc   0x00000004   PAD
    0x2000c7e0   0x00000200   Zero   RW         4922    HEAP                startup_at32f403avgt7.o
    0x2000c9e0   0x00000400   Zero   RW         4921    STACK               startup_at32f403avgt7.o



  Load Region LR$$.ARM.__AT_0x68000000 (Base: 0x68000000, Size: 0x00000000, Max: 0x000f0000, ABSOLUTE)

    Execution Region ER$$.ARM.__AT_0x68000000 (Base: 0x68000000, Size: 0x000f0000, Max: 0x000f0000, ABSOLUTE, UNINIT)

    Base Addr    Size         Type   Attr      Idx    E Section Name        Object

    0x68000000   0x000f0000   Zero   RW         9196    .ARM.__AT_0x68000000  malloc.o



  Load Region LR$$.ARM.__AT_0x680F0000 (Base: 0x680f0000, Size: 0x00000000, Max: 0x0000f000, ABSOLUTE)

    Execution Region ER$$.ARM.__AT_0x680F0000 (Base: 0x680f0000, Size: 0x0000f000, Max: 0x0000f000, ABSOLUTE, UNINIT)

    Base Addr    Size         Type   Attr      Idx    E Section Name        Object

    0x680f0000   0x0000f000   Zero   RW         9197    .ARM.__AT_0x680F0000  malloc.o


==============================================================================

Image component sizes


      Code (inc. data)   RO Data    RW Data    ZI Data      Debug   Object Name

       160         16          0          0          0       1142   at32_msp.o
        72         10          0          0          0       3209   at32f4xx_bkp.o
       216         18          0          0          0       3268   at32f4xx_exti.o
       386          4          0          0          0       5112   at32f4xx_gpio.o
        68         30          0          0          0       3115   at32f4xx_iwdg.o
        12          6          0          0          0        643   at32f4xx_pwr.o
       644         82          0         16          0       9938   at32f4xx_rcc.o
       276         52          0          0          0       7065   at32f4xx_rtc.o
       670         28          0          0          0      10091   at32f4xx_usart.o
        68         22          0          0          0      25988   board.o
       948        198          0          1       1026       9036   bspesp8266.o
      2300        124          7         12          0      14649   cjson.o
        28          8          4          0          0       2802   cjson_port.o
       128         12          0          4          0       1900   clock.o
      3816       1374       1752          0          0      25283   cmd.o
       512        180         57          0          0       6267   completion.o
       218         50         36          0          0       6300   components.o
       308         28          0          0          0        856   context_rvds.o
      1496        738          0         16          0       7054   cpuport.o
         0          0          0          0          0       2528   dataqueue.o
      1064        254        203          0          0       9577   devfs.o
      1528        692        216          0          0      12904   device.o
      1676        374         86        276         76      27829   dfs.o
      2572        518        143          0        296      14873   dfs_file.o
      1560        430        140          0          0       8350   dfs_fs.o
      1298         16         85          0          0      12751   dfs_posix.o
      1536         50       1724        196          0      12790   drv_gpio.o
      1080        308        122        240          0       6428   drv_usart.o
       546        230          4          8        108       2880   drv_wdt.o
       342          6      48160          0          0       3209   gbktoutf_8.o
      5224       1562        213         60        192      10404   hmi.o
       902         42        196         38          0       7290   hmirtc.o
       460         90         22          0        416       6755   idle.o
      2072        568        647          0          0      31528   ipc.o
       140         26          0          9          0       2378   irq.o
      2270        236         34         12        128      16813   kservice.o
        22          0          4          0          0       1472   libc.o
        10          0          0          0          0     288478   main.o
       572         72         24         28    1088000       7768   malloc.o
      2386        822        346         32         40       7208   mem.o
        24          0          0          0          0       1236   mem_std.o
       132         22          0          0          0       1919   misc.o
      1404        188        168          0          0      26089   msh.o
      1678        584        532          0          0      12985   msh_file.o
       716        256         41          1          0       3353   ntpexample.o
       860        284        128        180          0      10854   object.o
       524        182        266          0         92       8518   pin.o
         0          0          0          0          0       1044   pipe.o
      1058        250         78         28        256       7886   scheduler.o
      2696        568        394          4          0      36923   serial.o
      1988        202         78         24        129      13638   shell.o
         0          0          0          0          0       1340   signal.o
        64         26        380          0       1536        960   startup_at32f403avgt7.o
       232         80          0          4          0       3143   stdio.o
       416         14         27          0          0      23606   stubs.o
       260        104         43          4          0       2844   system.o
       376         40          0         20          0       2435   system_at32f4xx.o
       112         14          0          0          0       1234   systick.o
       974        354         49        160          0       4571   task.o
      1870        532        273         12          0      17507   thread.o
       292         14        117          0        113       5406   time.o
      1974        540         92         28        656      15723   timer.o
       698        164         52          2        256       5013   usart.o
       184          6      41804          0          0       1728   utf8togbk.o
       432         54         15          0          0       7567   waitqueue.o
       342        134         79          0          0       4102   watchdog.o
      4512       1124       1301          0       2048       9450   weatherinfo.o

    ----------------------------------------------------------------------
     63472      15012     100194       1420    1095400     869005   Object Totals
         0          0         32          0          0          0   (incl. Generated)
        68          0         20          5         32          0   (incl. Padding)

    ----------------------------------------------------------------------

      Code (inc. data)   RO Data    RW Data    ZI Data      Debug   Library Member Name

        60          8          0          0          0         84   __0sscanf.o
        90          0          0          0          0          0   __dczerorl2.o
         8          0          0          0          0         68   __main.o
       312          4         17          0          0         92   __printf_flags_wp.o
        14          0          0          0          0         68   __printf_wp.o
         0          0          0          0          0          0   __rtentry.o
        12          0          0          0          0          0   __rtentry2.o
         6          0          0          0          0          0   __rtentry4.o
        52          8          0          0          0          0   __scatter.o
        28          0          0          0          0          0   __scatter_zi.o
        28          0          0          0          0         68   _chval.o
        44          0          0          0          0        108   _printf_char.o
        48          6          0          0          0         96   _printf_char_common.o
        36          4          0          0          0         80   _printf_char_file.o
         6          0          0          0          0          0   _printf_d.o
       120         16          0          0          0         92   _printf_dec.o
        88          4         40          0          0         88   _printf_hex_int.o
       178          0          0          0          0         88   _printf_intcommon.o
        78          0          0          0          0        108   _printf_pad.o
         0          0          0          0          0          0   _printf_percent.o
         4          0          0          0          0          0   _printf_percent_end.o
         6          0          0          0          0          0   _printf_s.o
        82          0          0          0          0         80   _printf_str.o
         6          0          0          0          0          0   _printf_x.o
        22          0          0          0          0        100   _rserrno.o
       884          6          0          0          0        100   _scanf.o
       224          0          0          0          0         96   _scanf_str.o
        64          0          0          0          0         84   _sgetc.o
        16          0          0          0          0         68   _snputc.o
        10          0          0          0          0         68   _sputc.o
       158          0          0          0          0         92   _strtoul.o
        26          0          0          0          0         80   atoi.o
        10          0          0          0          0         68   defsig_exit.o
        50          0          0          0          0         88   defsig_general.o
        52         38          0          0          0         76   defsig_rtred_inner.o
        14          0          0          0          0         80   defsig_rtred_outer.o
        12          0          0          0          0         72   exit.o
        76          0          0          0          0         88   fclose.o
         8          0          0          0          0         68   ferror.o
       100          4          0          0          0        120   fflush.o
        24          0          0          0          0         68   fgetc.o
       570          0          0          0          0        132   filbuf.o
       470          0          0          0          0         88   flsbuf.o
        56          6          0          0          0         80   flushlinebuffered.o
       236          4          0          0          0        128   fopen.o
        26          0          0          0          0         68   fputc.o
       248          6          0          0          0         84   fseek.o
        66          0          0          0          0         76   ftell.o
         4          0          0          0          0         68   getc.o
         6          0          0          0          0        152   heapauxi.o
         4          0          0          0          0        136   hguard.o
       312         46          0          0          0        112   initio.o
        18          0          0          0          0         76   isspace.o
        44         10        272          0          0         76   lc_ctype_c.o
         2          0          0          0          0          0   libinit.o
        28          0          0          0          0          0   libinit2.o
         2          0          0          0          0          0   libshutdown.o
         6          0          0          0          0          0   libshutdown2.o
         8          4          0          0         96         68   libspace.o
        72          0          0          0          0         76   llsdiv.o
       238          0          0          0          0        100   lludivv7m.o
        88          0          0          0          0         76   memcmp.o
        24          4          0          0          0         84   noretval__2printf.o
        52          4          0          0          0         84   noretval__2snprintf.o
        40          6          0          0          0         84   noretval__2sprintf.o
        16          4          0          0          0         76   rt_ctype_table.o
         8          4          0          0          0         68   rt_errno_addr_intlibspace.o
         8          4          0          0          0         68   rt_locale_intlibspace.o
        68          0          0          0          0         68   rt_memclr.o
        78          0          0          0          0         80   rt_memclr_w.o
       138          0          0          0          0         68   rt_memcpy_v6.o
       100          0          0          0          0         80   rt_memcpy_w.o
         2          0          0          0          0          0   rtexit.o
        10          0          0          0          0          0   rtexit2.o
        44          8          0          0          0         84   scanf_char.o
        70          0          0          0          0         80   setvbuf.o
       240          6          0          0          0        156   stdio.o
         0          0          0         12        252          0   stdio_streams.o
        24          0          0          0          0         68   strcat.o
       128          0          0          0          0         68   strcmpv7m.o
        72          0          0          0          0         80   strcpy.o
        62          0          0          0          0         76   strlen.o
       150          0          0          0          0         80   strncmp.o
        86          0          0          0          0         76   strncpy.o
        22          0          0          0          0         68   strrchr.o
        36          0          0          0          0         80   strstr.o
       112          0          0          0          0         88   strtol.o
        74          0          0          0          0         80   sys_stackheap_outer.o
        26          0          0          0          0         76   tolower.o
         2          0          0          0          0         68   use_no_semi.o
        24          0          0          0          0        164   basic.o
       826         16          0          0          0        492   daddsub_clz.o
        16          4          0          0          0        116   dcheck1.o
        24          0          0          0          0        116   dcmpi.o
       688        140          0          0          0        256   ddiv.o
        94          4          0          0          0        140   dfix.o
        46          0          0          0          0        116   dflt_clz.o
       120          4          0          0          0        140   dleqf.o
       340         12          0          0          0        152   dmul.o
       156          4          0          0          0        140   dnaninf.o
        12          0          0          0          0        116   dretinf.o
       108          0          0          0          0        128   drleqf.o
       408         56          0          0          0        168   dsqrt_umaal.o
        10          0          0          0          0        116   fpinit.o
       100          0          0          0          0        116   retnan.o
        92          0          0          0          0        116   scalbn.o
        48          0          0          0          0        116   trapv.o
         0          0          0          0          0          0   usenofp.o
       164         44          0          0          0        620   dunder.o
        24          0          0          0          0        124   fabs.o
        48          0          0          0          0        124   fpclassify.o
       248          0          0          0          0        152   poly.o
      3128        302        136          0          0        356   pow.o
         0          0          8          0          0          0   qnan.o
       110          0          0          0          0        148   sqrt.o

    ----------------------------------------------------------------------
     14122        800        476         12        352      10352   Library Totals
        36          0          3          0          4          0   (incl. Padding)

    ----------------------------------------------------------------------

      Code (inc. data)   RO Data    RW Data    ZI Data      Debug   Library Name

      7252        214        329         12        348       6120   c_w.l
      3112        240          0          0          0       2708   fz_wm.l
      3722        346        144          0          0       1524   m_wm.l

    ----------------------------------------------------------------------
     14122        800        476         12        352      10352   Library Totals

    ----------------------------------------------------------------------

==============================================================================


      Code (inc. data)   RO Data    RW Data    ZI Data      Debug   

     77594      15812     100670       1432    1095752     825269   Grand Totals
     77594      15812     100670        272    1095752     825269   ELF Image Totals (compressed)
     77594      15812     100670        272          0          0   ROM Totals

==============================================================================

    Total RO  Size (Code + RO Data)               178264 ( 174.09kB)
    Total RW  Size (RW Data + ZI Data)           1097184 (1071.47kB)
    Total ROM Size (Code + RO Data + RW Data)     178536 ( 174.35kB)

==============================================================================

